Traceback (most recent call last):
  File "/home/farhan/my-projects/pearl/scripts/sweep_hpo.py", line 140, in <module>
    main()
  File "/home/farhan/my-projects/pearl/scripts/sweep_hpo.py", line 122, in main
    pd.DataFrame(summary_rows).sort_values(
  File "/home/farhan/my-projects/pearl/.venv/lib/python3.12/site-packages/pandas/core/frame.py", line 8359, in sort_values
    k = self._get_label_or_level_values(by[0], axis=axis)
        ^^^^^^^^^^^^^^^^^^^^^^^^^^^^^^^^^^^^^^^^^^^^^^^^^
  File "/home/farhan/my-projects/pearl/.venv/lib/python3.12/site-packages/pandas/core/generic.py", line 1776, in _get_label_or_level_values
    raise KeyError(key)
KeyError: 'best_val_auc'
HPO finalists (top-3 by external AUC):
  1. densenet121 + srad_nopad -> AUC=0.9420
  2. convnext_tiny + srad_nopad -> AUC=0.9403
  3. vit_base + gauss_nopad -> AUC=0.9385

[HPO] Config for densenet121 + srad_nopad -> configs/experiment/finetune_hpo_srad_nopad_densenet121.yaml
[HPO] /home/farhan/my-projects/pearl/.venv/bin/python scripts/sweep_hpo.py --experiment configs/experiment/finetune_hpo_srad_nopad_densenet121.yaml --out_dir results/finetune_hpo/srad_nopad_densenet121
Traceback (most recent call last):
  File "/home/farhan/my-projects/pearl/scripts/run_hpo_finetune.py", line 236, in <module>
    main()
  File "/home/farhan/my-projects/pearl/scripts/run_hpo_finetune.py", line 122, in main
    _run_sweep_hpo(per_arch_cfg, out_dir, dry_run=args.dry_run)
  File "/home/farhan/my-projects/pearl/scripts/run_hpo_finetune.py", line 58, in _run_sweep_hpo
    subprocess.run(cmd, check=True, cwd=ROOT)
  File "/usr/lib/python3.12/subprocess.py", line 571, in run
    raise CalledProcessError(retcode, process.args,
subprocess.CalledProcessError: Command '['/home/farhan/my-projects/pearl/.venv/bin/python', 'scripts/sweep_hpo.py', '--experiment', 'configs/experiment/finetune_hpo_srad_nopad_densenet121.yaml', '--out_dir', 'results/finetune_hpo/srad_nopad_densenet121']' returned non-zero exit status 1.
