[Retrain] vit_base + gauss_nopad — HPO params: {'lr': 5.370211932131591e-05, 'weight_decay': 0.0018802252562895355, 'dropout': 0.2449364041886566, 'rotation': 0, 'label_smoothing': 0.09228116872436672, 'freeze_fraction': 0.0, 'batch_size': 64}
[Retrain] Splits: 2560 train, 640 val
  train class dist: {0: 2270, 1: 290}
[Retrain] Backed up best.pt → results/finetune_zenodo/checkpoints/gauss_nopad/vit_base/best_before_hpo.pt
[Builder] Frozen 0/150 parameters (0.0%)
[Builder] Total params: 86,029,442, Trainable: 86,029,442
[Retrain] Loading Figshare weights from results/ablation_nopad/checkpoints/gauss_nopad/vit_base/best.pt
[Checkpoint] Loaded from results/ablation_nopad/checkpoints/gauss_nopad/vit_base/best.pt (epoch=17, val_auc=0.9985)
[Loss] Class weights: [0.5638766288757324, 4.413793087005615]
[Logger] Run directory: results/finetune_zenodo/checkpoints/gauss_nopad/vit_base (resume=False)

============================================================
Training for up to 15 epochs (patience=5, warmup=1)
============================================================

  Epoch   1 | train_loss=0.2311  val_loss=0.3650 | val_acc=0.7891  val_auc=0.9484  val_f1=0.5161  val_mcc=0.5149 | lr=5.37e-05  time=9.3s
[Checkpoint] Saved (epoch=1, val_auc=0.9484) → results/finetune_zenodo/checkpoints/gauss_nopad/vit_base/best.pt
[Checkpoint] Saved (epoch=1, val_auc=0.9484) → results/finetune_zenodo/checkpoints/gauss_nopad/vit_base/best_e1.pt
  Epoch   2 | train_loss=0.1649  val_loss=0.2968 | val_acc=0.8453  val_auc=0.9622  val_f1=0.5926  val_mcc=0.5896 | lr=5.37e-05  time=8.8s
[Checkpoint] Saved (epoch=2, val_auc=0.9622) → results/finetune_zenodo/checkpoints/gauss_nopad/vit_base/best.pt
[Checkpoint] Saved (epoch=2, val_auc=0.9622) → results/finetune_zenodo/checkpoints/gauss_nopad/vit_base/best_e2.pt
  Epoch   3 | train_loss=0.1527  val_loss=0.3370 | val_acc=0.8484  val_auc=0.9635  val_f1=0.5907  val_mcc=0.5815 | lr=4.03e-05  time=8.9s
[Checkpoint] Saved (epoch=3, val_auc=0.9635) → results/finetune_zenodo/checkpoints/gauss_nopad/vit_base/best.pt
[Checkpoint] Saved (epoch=3, val_auc=0.9635) → results/finetune_zenodo/checkpoints/gauss_nopad/vit_base/best_e3.pt
  Epoch   4 | train_loss=0.1333  val_loss=0.2873 | val_acc=0.8438  val_auc=0.9617  val_f1=0.5833  val_mcc=0.5743 | lr=1.34e-05  time=9.0s
[Checkpoint] Saved (epoch=4, val_auc=0.9617) → results/finetune_zenodo/checkpoints/gauss_nopad/vit_base/best_e4.pt
  Epoch   5 | train_loss=0.1331  val_loss=0.2965 | val_acc=0.8469  val_auc=0.9541  val_f1=0.5917  val_mcc=0.5855 | lr=5.37e-05  time=9.0s
[Checkpoint] Saved (epoch=5, val_auc=0.9541) → results/finetune_zenodo/checkpoints/gauss_nopad/vit_base/best_e5.pt
  Epoch   6 | train_loss=0.1227  val_loss=0.2954 | val_acc=0.8469  val_auc=0.9599  val_f1=0.5950  val_mcc=0.5920 | lr=5.01e-05  time=8.9s
[Checkpoint] Saved (epoch=6, val_auc=0.9599) → results/finetune_zenodo/checkpoints/gauss_nopad/vit_base/best_e6.pt
  Epoch   7 | train_loss=0.1143  val_loss=0.3846 | val_acc=0.8500  val_auc=0.9446  val_f1=0.5826  val_mcc=0.5645 | lr=4.03e-05  time=8.6s
[Checkpoint] Saved (epoch=7, val_auc=0.9446) → results/finetune_zenodo/checkpoints/gauss_nopad/vit_base/best_e7.pt
  Epoch   8 | train_loss=0.1113  val_loss=0.3241 | val_acc=0.8359  val_auc=0.9674  val_f1=0.5749  val_mcc=0.5693 | lr=2.69e-05  time=8.6s
[Checkpoint] Saved (epoch=8, val_auc=0.9674) → results/finetune_zenodo/checkpoints/gauss_nopad/vit_base/best.pt
[Checkpoint] Saved (epoch=8, val_auc=0.9674) → results/finetune_zenodo/checkpoints/gauss_nopad/vit_base/best_e8.pt
  Epoch   9 | train_loss=0.1007  val_loss=0.3359 | val_acc=0.8719  val_auc=0.9606  val_f1=0.6273  val_mcc=0.6140 | lr=1.34e-05  time=8.7s
[Checkpoint] Saved (epoch=9, val_auc=0.9606) → results/finetune_zenodo/checkpoints/gauss_nopad/vit_base/best_e9.pt
  Epoch  10 | train_loss=0.0992  val_loss=0.3235 | val_acc=0.8484  val_auc=0.9600  val_f1=0.5872  val_mcc=0.5750 | lr=3.60e-06  time=8.6s
[Checkpoint] Saved (epoch=10, val_auc=0.9600) → results/finetune_zenodo/checkpoints/gauss_nopad/vit_base/best_e10.pt
  Epoch  11 | train_loss=0.1345  val_loss=0.3154 | val_acc=0.8766  val_auc=0.9577  val_f1=0.6326  val_mcc=0.6163 | lr=5.37e-05  time=8.6s
[Checkpoint] Saved (epoch=11, val_auc=0.9577) → results/finetune_zenodo/checkpoints/gauss_nopad/vit_base/best_e11.pt
  Epoch  12 | train_loss=0.1202  val_loss=0.5247 | val_acc=0.7953  val_auc=0.9469  val_f1=0.5236  val_mcc=0.5224 | lr=5.28e-05  time=8.7s
[Checkpoint] Saved (epoch=12, val_auc=0.9469) → results/finetune_zenodo/checkpoints/gauss_nopad/vit_base/best_e12.pt
  Epoch  13 | train_loss=0.1204  val_loss=0.3132 | val_acc=0.8438  val_auc=0.9582  val_f1=0.5833  val_mcc=0.5743 | lr=5.01e-05  time=8.6s
[Checkpoint] Saved (epoch=13, val_auc=0.9582) → results/finetune_zenodo/checkpoints/gauss_nopad/vit_base/best_e13.pt

[Trainer] Early stopping at epoch 13 (no improvement for 5 epochs)

[Trainer] Training complete in 127s
[Trainer] Best val AUC: 0.9674 at epoch 8
[Trainer] Saved curve artifacts to results/finetune_zenodo/checkpoints/gauss_nopad/vit_base
[Logger] Final metrics saved to results/finetune_zenodo/checkpoints/gauss_nopad/vit_base/final_metrics.json
[Logger] Training curves saved to results/finetune_zenodo/checkpoints/gauss_nopad/vit_base/training_curve.png
[Retrain] Done. best val_auc = 0.9674
