[Retrain] densenet121 + srad_nopad — HPO params: {'lr': 1.0039369272987676e-05, 'weight_decay': 0.0010793153738284137, 'dropout': 0.0035988467000480848, 'rotation': 0, 'label_smoothing': 0.013248311775154101, 'freeze_fraction': 0.0, 'batch_size': 16}
[Retrain] Splits: 2560 train, 640 val
  train class dist: {0: 2270, 1: 290}
[Retrain] Backed up best.pt → results/finetune_zenodo/checkpoints/srad_nopad/densenet121/best_before_hpo.pt
[Builder] Frozen 0/362 parameters (0.0%)
[Builder] Total params: 7,250,178, Trainable: 7,250,178
[Retrain] Loading Figshare weights from results/ablation_nopad/checkpoints/srad_nopad/densenet121/best.pt
[Checkpoint] Loaded from results/ablation_nopad/checkpoints/srad_nopad/densenet121/best.pt (epoch=13, val_auc=0.9939)
[Loss] Class weights: [0.5638766288757324, 4.413793087005615]
[Logger] Run directory: results/finetune_zenodo/checkpoints/srad_nopad/densenet121 (resume=False)

============================================================
Training for up to 15 epochs (patience=5, warmup=1)
============================================================

  Epoch   1 | train_loss=0.5813  val_loss=0.6746 | val_acc=0.7281  val_auc=0.8581  val_f1=0.4276  val_mcc=0.4001 | lr=1.00e-05  time=26.5s
[Checkpoint] Saved (epoch=1, val_auc=0.8581) → results/finetune_zenodo/checkpoints/srad_nopad/densenet121/best.pt
[Checkpoint] Saved (epoch=1, val_auc=0.8581) → results/finetune_zenodo/checkpoints/srad_nopad/densenet121/best_e1.pt
  Epoch   2 | train_loss=0.3079  val_loss=0.4828 | val_acc=0.7578  val_auc=0.9013  val_f1=0.4674  val_mcc=0.4520 | lr=1.00e-05  time=24.7s
[Checkpoint] Saved (epoch=2, val_auc=0.9013) → results/finetune_zenodo/checkpoints/srad_nopad/densenet121/best.pt
[Checkpoint] Saved (epoch=2, val_auc=0.9013) → results/finetune_zenodo/checkpoints/srad_nopad/densenet121/best_e2.pt
  Epoch   3 | train_loss=0.2721  val_loss=0.4847 | val_acc=0.7750  val_auc=0.9235  val_f1=0.4965  val_mcc=0.4918 | lr=7.53e-06  time=25.2s
[Checkpoint] Saved (epoch=3, val_auc=0.9235) → results/finetune_zenodo/checkpoints/srad_nopad/densenet121/best.pt
[Checkpoint] Saved (epoch=3, val_auc=0.9235) → results/finetune_zenodo/checkpoints/srad_nopad/densenet121/best_e3.pt
  Epoch   4 | train_loss=0.2375  val_loss=0.5016 | val_acc=0.7766  val_auc=0.9242  val_f1=0.4947  val_mcc=0.4866 | lr=2.51e-06  time=24.8s
[Checkpoint] Saved (epoch=4, val_auc=0.9242) → results/finetune_zenodo/checkpoints/srad_nopad/densenet121/best.pt
[Checkpoint] Saved (epoch=4, val_auc=0.9242) → results/finetune_zenodo/checkpoints/srad_nopad/densenet121/best_e4.pt
  Epoch   5 | train_loss=0.2088  val_loss=0.4417 | val_acc=0.7750  val_auc=0.9238  val_f1=0.4930  val_mcc=0.4849 | lr=1.00e-05  time=24.4s
[Checkpoint] Saved (epoch=5, val_auc=0.9238) → results/finetune_zenodo/checkpoints/srad_nopad/densenet121/best_e5.pt
  Epoch   6 | train_loss=0.2185  val_loss=0.4269 | val_acc=0.7922  val_auc=0.9197  val_f1=0.5164  val_mcc=0.5118 | lr=9.37e-06  time=24.6s
[Checkpoint] Saved (epoch=6, val_auc=0.9197) → results/finetune_zenodo/checkpoints/srad_nopad/densenet121/best_e6.pt
  Epoch   7 | train_loss=0.2112  val_loss=0.4380 | val_acc=0.7969  val_auc=0.9275  val_f1=0.5221  val_mcc=0.5174 | lr=7.53e-06  time=24.2s
[Checkpoint] Saved (epoch=7, val_auc=0.9275) → results/finetune_zenodo/checkpoints/srad_nopad/densenet121/best.pt
[Checkpoint] Saved (epoch=7, val_auc=0.9275) → results/finetune_zenodo/checkpoints/srad_nopad/densenet121/best_e7.pt
  Epoch   8 | train_loss=0.2042  val_loss=0.3682 | val_acc=0.8125  val_auc=0.9322  val_f1=0.5420  val_mcc=0.5371 | lr=5.02e-06  time=24.4s
[Checkpoint] Saved (epoch=8, val_auc=0.9322) → results/finetune_zenodo/checkpoints/srad_nopad/densenet121/best.pt
[Checkpoint] Saved (epoch=8, val_auc=0.9322) → results/finetune_zenodo/checkpoints/srad_nopad/densenet121/best_e8.pt
  Epoch   9 | train_loss=0.2085  val_loss=0.3711 | val_acc=0.8063  val_auc=0.9321  val_f1=0.5338  val_mcc=0.5291 | lr=2.51e-06  time=24.5s
[Checkpoint] Saved (epoch=9, val_auc=0.9321) → results/finetune_zenodo/checkpoints/srad_nopad/densenet121/best_e9.pt
  Epoch  10 | train_loss=0.1966  val_loss=0.3795 | val_acc=0.8109  val_auc=0.9276  val_f1=0.5399  val_mcc=0.5351 | lr=6.73e-07  time=24.8s
[Checkpoint] Saved (epoch=10, val_auc=0.9276) → results/finetune_zenodo/checkpoints/srad_nopad/densenet121/best_e10.pt
  Epoch  11 | train_loss=0.2014  val_loss=0.4510 | val_acc=0.7969  val_auc=0.9360  val_f1=0.5221  val_mcc=0.5174 | lr=1.00e-05  time=24.3s
[Checkpoint] Saved (epoch=11, val_auc=0.9360) → results/finetune_zenodo/checkpoints/srad_nopad/densenet121/best.pt
[Checkpoint] Saved (epoch=11, val_auc=0.9360) → results/finetune_zenodo/checkpoints/srad_nopad/densenet121/best_e11.pt
  Epoch  12 | train_loss=0.1787  val_loss=0.3714 | val_acc=0.8156  val_auc=0.9293  val_f1=0.5462  val_mcc=0.5412 | lr=9.87e-06  time=24.5s
[Checkpoint] Saved (epoch=12, val_auc=0.9293) → results/finetune_zenodo/checkpoints/srad_nopad/densenet121/best_e12.pt
  Epoch  13 | train_loss=0.1768  val_loss=0.3541 | val_acc=0.8234  val_auc=0.9164  val_f1=0.5534  val_mcc=0.5450 | lr=9.37e-06  time=24.2s
[Checkpoint] Saved (epoch=13, val_auc=0.9164) → results/finetune_zenodo/checkpoints/srad_nopad/densenet121/best_e13.pt
  Epoch  14 | train_loss=0.1654  val_loss=0.3293 | val_acc=0.8359  val_auc=0.9308  val_f1=0.5749  val_mcc=0.5693 | lr=8.57e-06  time=24.0s
[Checkpoint] Saved (epoch=14, val_auc=0.9308) → results/finetune_zenodo/checkpoints/srad_nopad/densenet121/best_e14.pt
  Epoch  15 | train_loss=0.1508  val_loss=0.3620 | val_acc=0.8266  val_auc=0.9329  val_f1=0.5578  val_mcc=0.5493 | lr=7.53e-06  time=23.9s
[Checkpoint] Saved (epoch=15, val_auc=0.9329) → results/finetune_zenodo/checkpoints/srad_nopad/densenet121/best_e15.pt

[Trainer] Training complete in 372s
[Trainer] Best val AUC: 0.9360 at epoch 11
[Trainer] Saved curve artifacts to results/finetune_zenodo/checkpoints/srad_nopad/densenet121
[Logger] Final metrics saved to results/finetune_zenodo/checkpoints/srad_nopad/densenet121/final_metrics.json
[Logger] Training curves saved to results/finetune_zenodo/checkpoints/srad_nopad/densenet121/training_curve.png
[Retrain] Done. best val_auc = 0.9360
