[Retrain] convnext_tiny + srad_nopad — HPO params: {'lr': 6.6219186068968326e-06, 'weight_decay': 0.0011876598801919714, 'dropout': 0.3094930096246087, 'rotation': 13, 'label_smoothing': 0.02959271508407553, 'freeze_fraction': 0.0, 'batch_size': 32}
[Retrain] Splits: 2560 train, 640 val
  train class dist: {0: 2270, 1: 290}
[Retrain] Backed up best.pt → results/finetune_zenodo/checkpoints/srad_nopad/convnext_tiny/best_before_hpo.pt
[Builder] Frozen 0/180 parameters (0.0%)
[Builder] Total params: 28,050,914, Trainable: 28,050,914
[Retrain] Loading Figshare weights from results/ablation_nopad/checkpoints/srad_nopad/convnext_tiny/best.pt
[Checkpoint] Loaded from results/ablation_nopad/checkpoints/srad_nopad/convnext_tiny/best.pt (epoch=4, val_auc=0.9981)
[Loss] Class weights: [0.5638766288757324, 4.413793087005615]
[Logger] Run directory: results/finetune_zenodo/checkpoints/srad_nopad/convnext_tiny (resume=False)

============================================================
Training for up to 15 epochs (patience=5, warmup=1)
============================================================

  Epoch   1 | train_loss=0.2388  val_loss=0.4236 | val_acc=0.7969  val_auc=0.9360  val_f1=0.5185  val_mcc=0.5106 | lr=6.62e-06  time=27.0s
[Checkpoint] Saved (epoch=1, val_auc=0.9360) → results/finetune_zenodo/checkpoints/srad_nopad/convnext_tiny/best.pt
[Checkpoint] Saved (epoch=1, val_auc=0.9360) → results/finetune_zenodo/checkpoints/srad_nopad/convnext_tiny/best_e1.pt
  Epoch   2 | train_loss=0.1568  val_loss=0.4215 | val_acc=0.8391  val_auc=0.9307  val_f1=0.5690  val_mcc=0.5541 | lr=6.62e-06  time=24.1s
[Checkpoint] Saved (epoch=2, val_auc=0.9307) → results/finetune_zenodo/checkpoints/srad_nopad/convnext_tiny/best_e2.pt
  Epoch   3 | train_loss=0.1513  val_loss=0.3386 | val_acc=0.8438  val_auc=0.9570  val_f1=0.5798  val_mcc=0.5678 | lr=4.97e-06  time=24.1s
[Checkpoint] Saved (epoch=3, val_auc=0.9570) → results/finetune_zenodo/checkpoints/srad_nopad/convnext_tiny/best.pt
[Checkpoint] Saved (epoch=3, val_auc=0.9570) → results/finetune_zenodo/checkpoints/srad_nopad/convnext_tiny/best_e3.pt
  Epoch   4 | train_loss=0.1278  val_loss=0.3549 | val_acc=0.8391  val_auc=0.9574  val_f1=0.5726  val_mcc=0.5607 | lr=1.66e-06  time=24.7s
[Checkpoint] Saved (epoch=4, val_auc=0.9574) → results/finetune_zenodo/checkpoints/srad_nopad/convnext_tiny/best.pt
[Checkpoint] Saved (epoch=4, val_auc=0.9574) → results/finetune_zenodo/checkpoints/srad_nopad/convnext_tiny/best_e4.pt
  Epoch   5 | train_loss=0.1476  val_loss=0.3161 | val_acc=0.8438  val_auc=0.9629  val_f1=0.5798  val_mcc=0.5678 | lr=6.62e-06  time=23.6s
[Checkpoint] Saved (epoch=5, val_auc=0.9629) → results/finetune_zenodo/checkpoints/srad_nopad/convnext_tiny/best.pt
[Checkpoint] Saved (epoch=5, val_auc=0.9629) → results/finetune_zenodo/checkpoints/srad_nopad/convnext_tiny/best_e5.pt
  Epoch   6 | train_loss=0.1333  val_loss=0.3182 | val_acc=0.8594  val_auc=0.9580  val_f1=0.6053  val_mcc=0.5926 | lr=6.18e-06  time=23.6s
[Checkpoint] Saved (epoch=6, val_auc=0.9580) → results/finetune_zenodo/checkpoints/srad_nopad/convnext_tiny/best_e6.pt
  Epoch   7 | train_loss=0.1279  val_loss=0.4006 | val_acc=0.8562  val_auc=0.9519  val_f1=0.6000  val_mcc=0.5874 | lr=4.97e-06  time=23.8s
[Checkpoint] Saved (epoch=7, val_auc=0.9519) → results/finetune_zenodo/checkpoints/srad_nopad/convnext_tiny/best_e7.pt
  Epoch   8 | train_loss=0.1224  val_loss=0.3720 | val_acc=0.8469  val_auc=0.9422  val_f1=0.5812  val_mcc=0.5661 | lr=3.31e-06  time=24.2s
[Checkpoint] Saved (epoch=8, val_auc=0.9422) → results/finetune_zenodo/checkpoints/srad_nopad/convnext_tiny/best_e8.pt
  Epoch   9 | train_loss=0.1116  val_loss=0.3923 | val_acc=0.8547  val_auc=0.9516  val_f1=0.5939  val_mcc=0.5785 | lr=1.66e-06  time=23.9s
[Checkpoint] Saved (epoch=9, val_auc=0.9516) → results/finetune_zenodo/checkpoints/srad_nopad/convnext_tiny/best_e9.pt
  Epoch  10 | train_loss=0.1068  val_loss=0.3879 | val_acc=0.8547  val_auc=0.9544  val_f1=0.5939  val_mcc=0.5785 | lr=4.44e-07  time=24.7s
[Checkpoint] Saved (epoch=10, val_auc=0.9544) → results/finetune_zenodo/checkpoints/srad_nopad/convnext_tiny/best_e10.pt

[Trainer] Early stopping at epoch 10 (no improvement for 5 epochs)

[Trainer] Training complete in 248s
[Trainer] Best val AUC: 0.9629 at epoch 5
[Trainer] Saved curve artifacts to results/finetune_zenodo/checkpoints/srad_nopad/convnext_tiny
[Logger] Final metrics saved to results/finetune_zenodo/checkpoints/srad_nopad/convnext_tiny/final_metrics.json
[Logger] Training curves saved to results/finetune_zenodo/checkpoints/srad_nopad/convnext_tiny/training_curve.png
[Retrain] Done. best val_auc = 0.9629
