[SweepFinetune] 9 models × 2 preprocessing = 18 runs
[SweepFinetune] Device: cuda, seed: 42
[SweepFinetune] Resume root: results/ablation_nopad/checkpoints/
[SweepFinetune] Train split: data_external/zenodo_splits/train.json
[SweepFinetune] Val split:   data_external/zenodo_splits/val.json
[SweepFinetune] External dir:data_external/test (layout=zenodo_labeled)
[SweepFinetune] Loaded 2560 train + 640 val pairs
  train class dist: {0: 2270, 1: 290}
  val   class dist: {0: 568, 1: 72}

============================================================
[SweepFinetune] Run 1/18: resnet50 + srad_nopad
============================================================
[Logger] Run directory: results/finetune_zenodo/checkpoints/srad_nopad/resnet50 (resume=False)
[Builder] Frozen 0/159 parameters (0.0%)
[Builder] Total params: 24,066,498, Trainable: 24,066,498
[SweepFinetune] Loading Figshare weights from results/ablation_nopad/checkpoints/srad_nopad/resnet50/best.pt
[Checkpoint] Loaded from results/ablation_nopad/checkpoints/srad_nopad/resnet50/best.pt (epoch=51, val_auc=0.9946)
[Loss] Class weights: [0.5638766288757324, 4.413793087005615]

============================================================
Training for up to 15 epochs (patience=5, warmup=1)
============================================================

  Epoch   1 | train_loss=0.7051  val_loss=0.7607 | val_acc=0.7844  val_auc=0.8532  val_f1=0.4524  val_mcc=0.4042 | lr=3.00e-05  time=24.8s
[Checkpoint] Saved (epoch=1, val_auc=0.8532) → results/finetune_zenodo/checkpoints/srad_nopad/resnet50/best.pt
[Checkpoint] Saved (epoch=1, val_auc=0.8532) → results/finetune_zenodo/checkpoints/srad_nopad/resnet50/best_e1.pt
  Epoch   2 | train_loss=0.3517  val_loss=0.6903 | val_acc=0.7766  val_auc=0.8833  val_f1=0.4838  val_mcc=0.4656 | lr=3.00e-05  time=23.2s
[Checkpoint] Saved (epoch=2, val_auc=0.8833) → results/finetune_zenodo/checkpoints/srad_nopad/resnet50/best.pt
[Checkpoint] Saved (epoch=2, val_auc=0.8833) → results/finetune_zenodo/checkpoints/srad_nopad/resnet50/best_e2.pt
  Epoch   3 | train_loss=0.2719  val_loss=0.5165 | val_acc=0.7844  val_auc=0.8976  val_f1=0.4926  val_mcc=0.4747 | lr=2.25e-05  time=23.2s
[Checkpoint] Saved (epoch=3, val_auc=0.8976) → results/finetune_zenodo/checkpoints/srad_nopad/resnet50/best.pt
[Checkpoint] Saved (epoch=3, val_auc=0.8976) → results/finetune_zenodo/checkpoints/srad_nopad/resnet50/best_e3.pt
  Epoch   4 | train_loss=0.2266  val_loss=0.6921 | val_acc=0.7812  val_auc=0.9029  val_f1=0.4928  val_mcc=0.4781 | lr=7.50e-06  time=23.3s
[Checkpoint] Saved (epoch=4, val_auc=0.9029) → results/finetune_zenodo/checkpoints/srad_nopad/resnet50/best.pt
[Checkpoint] Saved (epoch=4, val_auc=0.9029) → results/finetune_zenodo/checkpoints/srad_nopad/resnet50/best_e4.pt
  Epoch   5 | train_loss=0.2263  val_loss=0.5635 | val_acc=0.7750  val_auc=0.9144  val_f1=0.4930  val_mcc=0.4849 | lr=3.00e-05  time=23.3s
[Checkpoint] Saved (epoch=5, val_auc=0.9144) → results/finetune_zenodo/checkpoints/srad_nopad/resnet50/best.pt
[Checkpoint] Saved (epoch=5, val_auc=0.9144) → results/finetune_zenodo/checkpoints/srad_nopad/resnet50/best_e5.pt
  Epoch   6 | train_loss=0.2105  val_loss=0.5072 | val_acc=0.7859  val_auc=0.9143  val_f1=0.5054  val_mcc=0.4974 | lr=2.80e-05  time=23.2s
[Checkpoint] Saved (epoch=6, val_auc=0.9143) → results/finetune_zenodo/checkpoints/srad_nopad/resnet50/best_e6.pt
  Epoch   7 | train_loss=0.2203  val_loss=0.4573 | val_acc=0.7875  val_auc=0.9272  val_f1=0.5072  val_mcc=0.4993 | lr=2.25e-05  time=23.2s
[Checkpoint] Saved (epoch=7, val_auc=0.9272) → results/finetune_zenodo/checkpoints/srad_nopad/resnet50/best.pt
[Checkpoint] Saved (epoch=7, val_auc=0.9272) → results/finetune_zenodo/checkpoints/srad_nopad/resnet50/best_e7.pt
  Epoch   8 | train_loss=0.2089  val_loss=0.4344 | val_acc=0.7906  val_auc=0.9251  val_f1=0.5109  val_mcc=0.5030 | lr=1.50e-05  time=23.3s
[Checkpoint] Saved (epoch=8, val_auc=0.9251) → results/finetune_zenodo/checkpoints/srad_nopad/resnet50/best_e8.pt
  Epoch   9 | train_loss=0.1987  val_loss=0.4255 | val_acc=0.7906  val_auc=0.9269  val_f1=0.5109  val_mcc=0.5030 | lr=7.50e-06  time=23.3s
[Checkpoint] Saved (epoch=9, val_auc=0.9269) → results/finetune_zenodo/checkpoints/srad_nopad/resnet50/best_e9.pt
  Epoch  10 | train_loss=0.1922  val_loss=0.5395 | val_acc=0.7844  val_auc=0.9314  val_f1=0.5106  val_mcc=0.5095 | lr=2.01e-06  time=23.4s
[Checkpoint] Saved (epoch=10, val_auc=0.9314) → results/finetune_zenodo/checkpoints/srad_nopad/resnet50/best.pt
[Checkpoint] Saved (epoch=10, val_auc=0.9314) → results/finetune_zenodo/checkpoints/srad_nopad/resnet50/best_e10.pt
  Epoch  11 | train_loss=0.1921  val_loss=0.4099 | val_acc=0.8047  val_auc=0.9274  val_f1=0.5283  val_mcc=0.5203 | lr=3.00e-05  time=23.3s
[Checkpoint] Saved (epoch=11, val_auc=0.9274) → results/finetune_zenodo/checkpoints/srad_nopad/resnet50/best_e11.pt
  Epoch  12 | train_loss=0.1948  val_loss=0.4166 | val_acc=0.7953  val_auc=0.9311  val_f1=0.5236  val_mcc=0.5224 | lr=2.95e-05  time=23.2s
[Checkpoint] Saved (epoch=12, val_auc=0.9311) → results/finetune_zenodo/checkpoints/srad_nopad/resnet50/best_e12.pt
  Epoch  13 | train_loss=0.1875  val_loss=0.4268 | val_acc=0.7984  val_auc=0.9310  val_f1=0.5204  val_mcc=0.5125 | lr=2.80e-05  time=23.4s
[Checkpoint] Saved (epoch=13, val_auc=0.9310) → results/finetune_zenodo/checkpoints/srad_nopad/resnet50/best_e13.pt
  Epoch  14 | train_loss=0.2009  val_loss=0.4247 | val_acc=0.8000  val_auc=0.9351  val_f1=0.5294  val_mcc=0.5281 | lr=2.56e-05  time=23.4s
[Checkpoint] Saved (epoch=14, val_auc=0.9351) → results/finetune_zenodo/checkpoints/srad_nopad/resnet50/best.pt
[Checkpoint] Saved (epoch=14, val_auc=0.9351) → results/finetune_zenodo/checkpoints/srad_nopad/resnet50/best_e14.pt
  Epoch  15 | train_loss=0.1855  val_loss=0.4136 | val_acc=0.8141  val_auc=0.9275  val_f1=0.5370  val_mcc=0.5256 | lr=2.25e-05  time=23.4s
[Checkpoint] Saved (epoch=15, val_auc=0.9275) → results/finetune_zenodo/checkpoints/srad_nopad/resnet50/best_e15.pt

[Trainer] Training complete in 356s
[Trainer] Best val AUC: 0.9351 at epoch 14
[Trainer] Saved curve artifacts to results/finetune_zenodo/checkpoints/srad_nopad/resnet50
[Logger] Final metrics saved to results/finetune_zenodo/checkpoints/srad_nopad/resnet50/final_metrics.json
[Logger] Training curves saved to results/finetune_zenodo/checkpoints/srad_nopad/resnet50/training_curve.png

============================================================
[SweepFinetune] Run 2/18: resnet50 + gauss_nopad
============================================================
[Logger] Run directory: results/finetune_zenodo/checkpoints/gauss_nopad/resnet50 (resume=False)
[Builder] Frozen 0/159 parameters (0.0%)
[Builder] Total params: 24,066,498, Trainable: 24,066,498
[SweepFinetune] Loading Figshare weights from results/ablation_nopad/checkpoints/gauss_nopad/resnet50/best.pt
[Checkpoint] Loaded from results/ablation_nopad/checkpoints/gauss_nopad/resnet50/best.pt (epoch=14, val_auc=0.9945)
[Loss] Class weights: [0.5638766288757324, 4.413793087005615]

============================================================
Training for up to 15 epochs (patience=5, warmup=1)
============================================================

  Epoch   1 | train_loss=0.5968  val_loss=0.5049 | val_acc=0.7812  val_auc=0.8611  val_f1=0.4531  val_mcc=0.4075 | lr=3.00e-05  time=4.3s
[Checkpoint] Saved (epoch=1, val_auc=0.8611) → results/finetune_zenodo/checkpoints/gauss_nopad/resnet50/best.pt
[Checkpoint] Saved (epoch=1, val_auc=0.8611) → results/finetune_zenodo/checkpoints/gauss_nopad/resnet50/best_e1.pt
  Epoch   2 | train_loss=0.3274  val_loss=0.4705 | val_acc=0.7734  val_auc=0.8872  val_f1=0.4912  val_mcc=0.4831 | lr=3.00e-05  time=4.3s
[Checkpoint] Saved (epoch=2, val_auc=0.8872) → results/finetune_zenodo/checkpoints/gauss_nopad/resnet50/best.pt
[Checkpoint] Saved (epoch=2, val_auc=0.8872) → results/finetune_zenodo/checkpoints/gauss_nopad/resnet50/best_e2.pt
  Epoch   3 | train_loss=0.2646  val_loss=0.4277 | val_acc=0.7766  val_auc=0.9024  val_f1=0.4947  val_mcc=0.4866 | lr=2.25e-05  time=4.3s
[Checkpoint] Saved (epoch=3, val_auc=0.9024) → results/finetune_zenodo/checkpoints/gauss_nopad/resnet50/best.pt
[Checkpoint] Saved (epoch=3, val_auc=0.9024) → results/finetune_zenodo/checkpoints/gauss_nopad/resnet50/best_e3.pt
  Epoch   4 | train_loss=0.2205  val_loss=0.4414 | val_acc=0.7750  val_auc=0.9060  val_f1=0.4930  val_mcc=0.4849 | lr=7.50e-06  time=4.3s
[Checkpoint] Saved (epoch=4, val_auc=0.9060) → results/finetune_zenodo/checkpoints/gauss_nopad/resnet50/best.pt
[Checkpoint] Saved (epoch=4, val_auc=0.9060) → results/finetune_zenodo/checkpoints/gauss_nopad/resnet50/best_e4.pt
  Epoch   5 | train_loss=0.2184  val_loss=0.5185 | val_acc=0.7688  val_auc=0.9091  val_f1=0.4897  val_mcc=0.4849 | lr=3.00e-05  time=4.3s
[Checkpoint] Saved (epoch=5, val_auc=0.9091) → results/finetune_zenodo/checkpoints/gauss_nopad/resnet50/best.pt
[Checkpoint] Saved (epoch=5, val_auc=0.9091) → results/finetune_zenodo/checkpoints/gauss_nopad/resnet50/best_e5.pt
  Epoch   6 | train_loss=0.2061  val_loss=0.4475 | val_acc=0.7750  val_auc=0.9050  val_f1=0.4965  val_mcc=0.4918 | lr=2.80e-05  time=4.3s
[Checkpoint] Saved (epoch=6, val_auc=0.9050) → results/finetune_zenodo/checkpoints/gauss_nopad/resnet50/best_e6.pt
  Epoch   7 | train_loss=0.2179  val_loss=0.4135 | val_acc=0.7766  val_auc=0.9238  val_f1=0.4947  val_mcc=0.4866 | lr=2.25e-05  time=4.3s
[Checkpoint] Saved (epoch=7, val_auc=0.9238) → results/finetune_zenodo/checkpoints/gauss_nopad/resnet50/best.pt
[Checkpoint] Saved (epoch=7, val_auc=0.9238) → results/finetune_zenodo/checkpoints/gauss_nopad/resnet50/best_e7.pt
  Epoch   8 | train_loss=0.2005  val_loss=0.4405 | val_acc=0.7750  val_auc=0.9196  val_f1=0.4965  val_mcc=0.4918 | lr=1.50e-05  time=4.4s
[Checkpoint] Saved (epoch=8, val_auc=0.9196) → results/finetune_zenodo/checkpoints/gauss_nopad/resnet50/best_e8.pt
  Epoch   9 | train_loss=0.1960  val_loss=0.4134 | val_acc=0.7766  val_auc=0.9243  val_f1=0.4982  val_mcc=0.4936 | lr=7.50e-06  time=4.7s
[Checkpoint] Saved (epoch=9, val_auc=0.9243) → results/finetune_zenodo/checkpoints/gauss_nopad/resnet50/best.pt
[Checkpoint] Saved (epoch=9, val_auc=0.9243) → results/finetune_zenodo/checkpoints/gauss_nopad/resnet50/best_e9.pt
  Epoch  10 | train_loss=0.1897  val_loss=0.4842 | val_acc=0.7703  val_auc=0.9252  val_f1=0.4948  val_mcc=0.4936 | lr=2.01e-06  time=4.7s
[Checkpoint] Saved (epoch=10, val_auc=0.9252) → results/finetune_zenodo/checkpoints/gauss_nopad/resnet50/best.pt
[Checkpoint] Saved (epoch=10, val_auc=0.9252) → results/finetune_zenodo/checkpoints/gauss_nopad/resnet50/best_e10.pt
  Epoch  11 | train_loss=0.1892  val_loss=0.5184 | val_acc=0.7750  val_auc=0.9262  val_f1=0.4965  val_mcc=0.4918 | lr=3.00e-05  time=4.8s
[Checkpoint] Saved (epoch=11, val_auc=0.9262) → results/finetune_zenodo/checkpoints/gauss_nopad/resnet50/best.pt
[Checkpoint] Saved (epoch=11, val_auc=0.9262) → results/finetune_zenodo/checkpoints/gauss_nopad/resnet50/best_e11.pt
  Epoch  12 | train_loss=0.1934  val_loss=0.4065 | val_acc=0.7766  val_auc=0.9338  val_f1=0.4982  val_mcc=0.4936 | lr=2.95e-05  time=4.8s
[Checkpoint] Saved (epoch=12, val_auc=0.9338) → results/finetune_zenodo/checkpoints/gauss_nopad/resnet50/best.pt
[Checkpoint] Saved (epoch=12, val_auc=0.9338) → results/finetune_zenodo/checkpoints/gauss_nopad/resnet50/best_e12.pt
  Epoch  13 | train_loss=0.1854  val_loss=0.4450 | val_acc=0.7781  val_auc=0.9402  val_f1=0.5000  val_mcc=0.4954 | lr=2.80e-05  time=4.7s
[Checkpoint] Saved (epoch=13, val_auc=0.9402) → results/finetune_zenodo/checkpoints/gauss_nopad/resnet50/best.pt
[Checkpoint] Saved (epoch=13, val_auc=0.9402) → results/finetune_zenodo/checkpoints/gauss_nopad/resnet50/best_e13.pt
  Epoch  14 | train_loss=0.1936  val_loss=0.4373 | val_acc=0.7844  val_auc=0.9487  val_f1=0.5106  val_mcc=0.5095 | lr=2.56e-05  time=4.4s
[Checkpoint] Saved (epoch=14, val_auc=0.9487) → results/finetune_zenodo/checkpoints/gauss_nopad/resnet50/best.pt
[Checkpoint] Saved (epoch=14, val_auc=0.9487) → results/finetune_zenodo/checkpoints/gauss_nopad/resnet50/best_e14.pt
  Epoch  15 | train_loss=0.1800  val_loss=0.3589 | val_acc=0.7953  val_auc=0.9379  val_f1=0.5201  val_mcc=0.5155 | lr=2.25e-05  time=4.3s
[Checkpoint] Saved (epoch=15, val_auc=0.9379) → results/finetune_zenodo/checkpoints/gauss_nopad/resnet50/best_e15.pt

[Trainer] Training complete in 73s
[Trainer] Best val AUC: 0.9487 at epoch 14
[Trainer] Saved curve artifacts to results/finetune_zenodo/checkpoints/gauss_nopad/resnet50
[Logger] Final metrics saved to results/finetune_zenodo/checkpoints/gauss_nopad/resnet50/final_metrics.json
[Logger] Training curves saved to results/finetune_zenodo/checkpoints/gauss_nopad/resnet50/training_curve.png

============================================================
[SweepFinetune] Run 3/18: resnet101 + srad_nopad
============================================================
[Logger] Run directory: results/finetune_zenodo/checkpoints/srad_nopad/resnet101 (resume=False)
[Builder] Frozen 0/312 parameters (0.0%)
[Builder] Total params: 43,058,626, Trainable: 43,058,626
[SweepFinetune] Loading Figshare weights from results/ablation_nopad/checkpoints/srad_nopad/resnet101/best.pt
[Checkpoint] Loaded from results/ablation_nopad/checkpoints/srad_nopad/resnet101/best.pt (epoch=53, val_auc=0.9961)
[Loss] Class weights: [0.5638766288757324, 4.413793087005615]

============================================================
Training for up to 15 epochs (patience=5, warmup=1)
============================================================

  Epoch   1 | train_loss=0.5945  val_loss=0.5589 | val_acc=0.7453  val_auc=0.8653  val_f1=0.4321  val_mcc=0.3959 | lr=3.00e-05  time=23.3s
[Checkpoint] Saved (epoch=1, val_auc=0.8653) → results/finetune_zenodo/checkpoints/srad_nopad/resnet101/best.pt
[Checkpoint] Saved (epoch=1, val_auc=0.8653) → results/finetune_zenodo/checkpoints/srad_nopad/resnet101/best_e1.pt
  Epoch   2 | train_loss=0.3327  val_loss=0.4831 | val_acc=0.7750  val_auc=0.8811  val_f1=0.4706  val_mcc=0.4427 | lr=3.00e-05  time=23.6s
[Checkpoint] Saved (epoch=2, val_auc=0.8811) → results/finetune_zenodo/checkpoints/srad_nopad/resnet101/best.pt
[Checkpoint] Saved (epoch=2, val_auc=0.8811) → results/finetune_zenodo/checkpoints/srad_nopad/resnet101/best_e2.pt
  Epoch   3 | train_loss=0.2622  val_loss=0.4677 | val_acc=0.7672  val_auc=0.9064  val_f1=0.4808  val_mcc=0.4692 | lr=2.25e-05  time=23.4s
[Checkpoint] Saved (epoch=3, val_auc=0.9064) → results/finetune_zenodo/checkpoints/srad_nopad/resnet101/best.pt
[Checkpoint] Saved (epoch=3, val_auc=0.9064) → results/finetune_zenodo/checkpoints/srad_nopad/resnet101/best_e3.pt
  Epoch   4 | train_loss=0.2390  val_loss=0.4168 | val_acc=0.7766  val_auc=0.9021  val_f1=0.4838  val_mcc=0.4656 | lr=7.50e-06  time=23.5s
[Checkpoint] Saved (epoch=4, val_auc=0.9021) → results/finetune_zenodo/checkpoints/srad_nopad/resnet101/best_e4.pt
  Epoch   5 | train_loss=0.2170  val_loss=0.4383 | val_acc=0.7812  val_auc=0.9077  val_f1=0.4964  val_mcc=0.4850 | lr=3.00e-05  time=23.5s
[Checkpoint] Saved (epoch=5, val_auc=0.9077) → results/finetune_zenodo/checkpoints/srad_nopad/resnet101/best.pt
[Checkpoint] Saved (epoch=5, val_auc=0.9077) → results/finetune_zenodo/checkpoints/srad_nopad/resnet101/best_e5.pt
  Epoch   6 | train_loss=0.2240  val_loss=0.4199 | val_acc=0.7672  val_auc=0.9365  val_f1=0.4880  val_mcc=0.4832 | lr=2.80e-05  time=23.5s
[Checkpoint] Saved (epoch=6, val_auc=0.9365) → results/finetune_zenodo/checkpoints/srad_nopad/resnet101/best.pt
[Checkpoint] Saved (epoch=6, val_auc=0.9365) → results/finetune_zenodo/checkpoints/srad_nopad/resnet101/best_e6.pt
  Epoch   7 | train_loss=0.1993  val_loss=0.4058 | val_acc=0.7766  val_auc=0.9291  val_f1=0.4947  val_mcc=0.4866 | lr=2.25e-05  time=23.5s
[Checkpoint] Saved (epoch=7, val_auc=0.9291) → results/finetune_zenodo/checkpoints/srad_nopad/resnet101/best_e7.pt
  Epoch   8 | train_loss=0.2048  val_loss=0.4004 | val_acc=0.7781  val_auc=0.9394  val_f1=0.5000  val_mcc=0.4954 | lr=1.50e-05  time=23.4s
[Checkpoint] Saved (epoch=8, val_auc=0.9394) → results/finetune_zenodo/checkpoints/srad_nopad/resnet101/best.pt
[Checkpoint] Saved (epoch=8, val_auc=0.9394) → results/finetune_zenodo/checkpoints/srad_nopad/resnet101/best_e8.pt
  Epoch   9 | train_loss=0.2173  val_loss=0.4205 | val_acc=0.7719  val_auc=0.9391  val_f1=0.4895  val_mcc=0.4814 | lr=7.50e-06  time=23.5s
[Checkpoint] Saved (epoch=9, val_auc=0.9391) → results/finetune_zenodo/checkpoints/srad_nopad/resnet101/best_e9.pt
  Epoch  10 | train_loss=0.1979  val_loss=0.3913 | val_acc=0.7766  val_auc=0.9344  val_f1=0.4947  val_mcc=0.4866 | lr=2.01e-06  time=23.5s
[Checkpoint] Saved (epoch=10, val_auc=0.9344) → results/finetune_zenodo/checkpoints/srad_nopad/resnet101/best_e10.pt
  Epoch  11 | train_loss=0.2120  val_loss=0.3428 | val_acc=0.7984  val_auc=0.9351  val_f1=0.5169  val_mcc=0.5056 | lr=3.00e-05  time=23.5s
[Checkpoint] Saved (epoch=11, val_auc=0.9351) → results/finetune_zenodo/checkpoints/srad_nopad/resnet101/best_e11.pt
  Epoch  12 | train_loss=0.1947  val_loss=0.3459 | val_acc=0.7875  val_auc=0.9384  val_f1=0.5143  val_mcc=0.5131 | lr=2.95e-05  time=23.5s
[Checkpoint] Saved (epoch=12, val_auc=0.9384) → results/finetune_zenodo/checkpoints/srad_nopad/resnet101/best_e12.pt
  Epoch  13 | train_loss=0.1824  val_loss=0.3679 | val_acc=0.7953  val_auc=0.9364  val_f1=0.5201  val_mcc=0.5155 | lr=2.80e-05  time=23.5s
[Checkpoint] Saved (epoch=13, val_auc=0.9364) → results/finetune_zenodo/checkpoints/srad_nopad/resnet101/best_e13.pt

[Trainer] Early stopping at epoch 13 (no improvement for 5 epochs)

[Trainer] Training complete in 312s
[Trainer] Best val AUC: 0.9394 at epoch 8
[Trainer] Saved curve artifacts to results/finetune_zenodo/checkpoints/srad_nopad/resnet101
[Logger] Final metrics saved to results/finetune_zenodo/checkpoints/srad_nopad/resnet101/final_metrics.json
[Logger] Training curves saved to results/finetune_zenodo/checkpoints/srad_nopad/resnet101/training_curve.png

============================================================
[SweepFinetune] Run 4/18: resnet101 + gauss_nopad
============================================================
[Logger] Run directory: results/finetune_zenodo/checkpoints/gauss_nopad/resnet101 (resume=False)
[Builder] Frozen 0/312 parameters (0.0%)
[Builder] Total params: 43,058,626, Trainable: 43,058,626
[SweepFinetune] Loading Figshare weights from results/ablation_nopad/checkpoints/gauss_nopad/resnet101/best.pt
[Checkpoint] Loaded from results/ablation_nopad/checkpoints/gauss_nopad/resnet101/best.pt (epoch=54, val_auc=0.9953)
[Loss] Class weights: [0.5638766288757324, 4.413793087005615]

============================================================
Training for up to 15 epochs (patience=5, warmup=1)
============================================================

  Epoch   1 | train_loss=0.6158  val_loss=0.5572 | val_acc=0.7656  val_auc=0.8577  val_f1=0.4526  val_mcc=0.4179 | lr=3.00e-05  time=6.4s
[Checkpoint] Saved (epoch=1, val_auc=0.8577) → results/finetune_zenodo/checkpoints/gauss_nopad/resnet101/best.pt
[Checkpoint] Saved (epoch=1, val_auc=0.8577) → results/finetune_zenodo/checkpoints/gauss_nopad/resnet101/best_e1.pt
  Epoch   2 | train_loss=0.3336  val_loss=0.4844 | val_acc=0.7641  val_auc=0.8711  val_f1=0.4549  val_mcc=0.4233 | lr=3.00e-05  time=6.4s
[Checkpoint] Saved (epoch=2, val_auc=0.8711) → results/finetune_zenodo/checkpoints/gauss_nopad/resnet101/best.pt
[Checkpoint] Saved (epoch=2, val_auc=0.8711) → results/finetune_zenodo/checkpoints/gauss_nopad/resnet101/best_e2.pt
  Epoch   3 | train_loss=0.2725  val_loss=0.4783 | val_acc=0.7578  val_auc=0.8977  val_f1=0.4710  val_mcc=0.4590 | lr=2.25e-05  time=6.3s
[Checkpoint] Saved (epoch=3, val_auc=0.8977) → results/finetune_zenodo/checkpoints/gauss_nopad/resnet101/best.pt
Traceback (most recent call last):
  File "/home/farhan/my-projects/pearl/.venv/lib/python3.12/site-packages/torch/serialization.py", line 1004, in save
    _save(
  File "/home/farhan/my-projects/pearl/.venv/lib/python3.12/site-packages/torch/serialization.py", line 1313, in _save
    zip_file.write_record(name, storage, num_bytes)
RuntimeError: basic_ios::clear: iostream error

During handling of the above exception, another exception occurred:

Traceback (most recent call last):
  File "/home/farhan/my-projects/pearl/scripts/sweep_finetune.py", line 309, in <module>
    main()
  File "/home/farhan/my-projects/pearl/scripts/sweep_finetune.py", line 277, in main
    metrics = trainer.train()  # no resume_from: weights already loaded
              ^^^^^^^^^^^^^^^
  File "/home/farhan/my-projects/pearl/scripts/../src/training/trainer.py", line 558, in train
    self._save_recent(epoch, val_auc)
  File "/home/farhan/my-projects/pearl/scripts/../src/training/trainer.py", line 979, in _save_recent
    save_checkpoint(
  File "/home/farhan/my-projects/pearl/scripts/../src/training/checkpoint.py", line 80, in save_checkpoint
    torch.save(state, path)
  File "/home/farhan/my-projects/pearl/.venv/lib/python3.12/site-packages/torch/serialization.py", line 1003, in save
    with _open_zipfile_writer(f) as opened_zipfile:
         ^^^^^^^^^^^^^^^^^^^^^^^
  File "/home/farhan/my-projects/pearl/.venv/lib/python3.12/site-packages/torch/serialization.py", line 835, in __exit__
    self.file_like.write_end_of_file()
RuntimeError: [enforce fail at inline_container.cc:672] . unexpected pos 245556736 vs 245556624
