[SweepFinetune] 9 models × 2 preprocessing = 18 runs
[SweepFinetune] Device: cuda, seed: 42
[SweepFinetune] Resume root: results/ablation_nopad/checkpoints/
[SweepFinetune] Train split: data_external/zenodo_splits/train.json
[SweepFinetune] Val split:   data_external/zenodo_splits/val.json
[SweepFinetune] External dir:data_external/test (layout=zenodo_labeled)
[SweepFinetune] Loaded 2560 train + 640 val pairs
  train class dist: {0: 2270, 1: 290}
  val   class dist: {0: 568, 1: 72}

============================================================
[SweepFinetune] Run 1/18: resnet50 + srad_nopad
============================================================
[Logger] Run directory: results/finetune_zenodo/checkpoints/srad_nopad/resnet50 (resume=False)
[Builder] Frozen 0/159 parameters (0.0%)
[Builder] Total params: 24,066,498, Trainable: 24,066,498
[SweepFinetune] Loading Figshare weights from results/ablation_nopad/checkpoints/srad_nopad/resnet50/best.pt
[Checkpoint] Loaded from results/ablation_nopad/checkpoints/srad_nopad/resnet50/best.pt (epoch=51, val_auc=0.9946)
[Loss] Class weights: [0.5638766288757324, 4.413793087005615]

============================================================
Training for up to 15 epochs (patience=5, warmup=1)
============================================================

  Epoch   1 | train_loss=0.7163  val_loss=0.6434 | val_acc=0.7969  val_auc=0.8567  val_f1=0.4758  val_mcc=0.4341 | lr=3.00e-05  time=24.6s
[Checkpoint] Saved (epoch=1, val_auc=0.8567) → results/finetune_zenodo/checkpoints/srad_nopad/resnet50/best.pt
[Checkpoint] Saved (epoch=1, val_auc=0.8567) → results/finetune_zenodo/checkpoints/srad_nopad/resnet50/best_e1.pt
  Epoch   2 | train_loss=0.3549  val_loss=0.6885 | val_acc=0.7734  val_auc=0.8703  val_f1=0.4803  val_mcc=0.4621 | lr=3.00e-05  time=23.3s
[Checkpoint] Saved (epoch=2, val_auc=0.8703) → results/finetune_zenodo/checkpoints/srad_nopad/resnet50/best.pt
[Checkpoint] Saved (epoch=2, val_auc=0.8703) → results/finetune_zenodo/checkpoints/srad_nopad/resnet50/best_e2.pt
  Epoch   3 | train_loss=0.2811  val_loss=0.5042 | val_acc=0.7797  val_auc=0.8783  val_f1=0.4873  val_mcc=0.4693 | lr=2.25e-05  time=23.4s
[Checkpoint] Saved (epoch=3, val_auc=0.8783) → results/finetune_zenodo/checkpoints/srad_nopad/resnet50/best.pt
[Checkpoint] Saved (epoch=3, val_auc=0.8783) → results/finetune_zenodo/checkpoints/srad_nopad/resnet50/best_e3.pt
  Epoch   4 | train_loss=0.2312  val_loss=0.5725 | val_acc=0.7781  val_auc=0.8955  val_f1=0.4929  val_mcc=0.4814 | lr=7.50e-06  time=23.4s
[Checkpoint] Saved (epoch=4, val_auc=0.8955) → results/finetune_zenodo/checkpoints/srad_nopad/resnet50/best.pt
[Checkpoint] Saved (epoch=4, val_auc=0.8955) → results/finetune_zenodo/checkpoints/srad_nopad/resnet50/best_e4.pt
  Epoch   5 | train_loss=0.2337  val_loss=0.4959 | val_acc=0.7750  val_auc=0.9055  val_f1=0.4965  val_mcc=0.4918 | lr=3.00e-05  time=23.4s
[Checkpoint] Saved (epoch=5, val_auc=0.9055) → results/finetune_zenodo/checkpoints/srad_nopad/resnet50/best.pt
[Checkpoint] Saved (epoch=5, val_auc=0.9055) → results/finetune_zenodo/checkpoints/srad_nopad/resnet50/best_e5.pt
  Epoch   6 | train_loss=0.2149  val_loss=0.4350 | val_acc=0.7797  val_auc=0.9139  val_f1=0.4946  val_mcc=0.4832 | lr=2.80e-05  time=23.5s
[Checkpoint] Saved (epoch=6, val_auc=0.9139) → results/finetune_zenodo/checkpoints/srad_nopad/resnet50/best.pt
[Checkpoint] Saved (epoch=6, val_auc=0.9139) → results/finetune_zenodo/checkpoints/srad_nopad/resnet50/best_e6.pt
  Epoch   7 | train_loss=0.2180  val_loss=0.4177 | val_acc=0.7875  val_auc=0.9187  val_f1=0.5143  val_mcc=0.5131 | lr=2.25e-05  time=23.5s
[Checkpoint] Saved (epoch=7, val_auc=0.9187) → results/finetune_zenodo/checkpoints/srad_nopad/resnet50/best.pt
[Checkpoint] Saved (epoch=7, val_auc=0.9187) → results/finetune_zenodo/checkpoints/srad_nopad/resnet50/best_e7.pt
  Epoch   8 | train_loss=0.2090  val_loss=0.4066 | val_acc=0.7875  val_auc=0.9170  val_f1=0.5108  val_mcc=0.5062 | lr=1.50e-05  time=23.5s
[Checkpoint] Saved (epoch=8, val_auc=0.9170) → results/finetune_zenodo/checkpoints/srad_nopad/resnet50/best_e8.pt
  Epoch   9 | train_loss=0.2002  val_loss=0.4488 | val_acc=0.7828  val_auc=0.9199  val_f1=0.5088  val_mcc=0.5077 | lr=7.50e-06  time=23.5s
[Checkpoint] Saved (epoch=9, val_auc=0.9199) → results/finetune_zenodo/checkpoints/srad_nopad/resnet50/best.pt
[Checkpoint] Saved (epoch=9, val_auc=0.9199) → results/finetune_zenodo/checkpoints/srad_nopad/resnet50/best_e9.pt
  Epoch  10 | train_loss=0.1960  val_loss=0.5286 | val_acc=0.7766  val_auc=0.9263  val_f1=0.5017  val_mcc=0.5006 | lr=2.01e-06  time=23.6s
[Checkpoint] Saved (epoch=10, val_auc=0.9263) → results/finetune_zenodo/checkpoints/srad_nopad/resnet50/best.pt
[Checkpoint] Saved (epoch=10, val_auc=0.9263) → results/finetune_zenodo/checkpoints/srad_nopad/resnet50/best_e10.pt
  Epoch  11 | train_loss=0.1940  val_loss=0.4398 | val_acc=0.7922  val_auc=0.9208  val_f1=0.5199  val_mcc=0.5186 | lr=3.00e-05  time=23.5s
[Checkpoint] Saved (epoch=11, val_auc=0.9208) → results/finetune_zenodo/checkpoints/srad_nopad/resnet50/best_e11.pt
  Epoch  12 | train_loss=0.1973  val_loss=0.4257 | val_acc=0.7844  val_auc=0.9298  val_f1=0.5106  val_mcc=0.5095 | lr=2.95e-05  time=23.4s
[Checkpoint] Saved (epoch=12, val_auc=0.9298) → results/finetune_zenodo/checkpoints/srad_nopad/resnet50/best.pt
[Checkpoint] Saved (epoch=12, val_auc=0.9298) → results/finetune_zenodo/checkpoints/srad_nopad/resnet50/best_e12.pt
  Epoch  13 | train_loss=0.1924  val_loss=0.4808 | val_acc=0.7781  val_auc=0.9327  val_f1=0.5035  val_mcc=0.5023 | lr=2.80e-05  time=23.5s
[Checkpoint] Saved (epoch=13, val_auc=0.9327) → results/finetune_zenodo/checkpoints/srad_nopad/resnet50/best.pt
[Checkpoint] Saved (epoch=13, val_auc=0.9327) → results/finetune_zenodo/checkpoints/srad_nopad/resnet50/best_e13.pt
  Epoch  14 | train_loss=0.2055  val_loss=0.5030 | val_acc=0.7937  val_auc=0.9384  val_f1=0.5217  val_mcc=0.5205 | lr=2.56e-05  time=23.5s
[Checkpoint] Saved (epoch=14, val_auc=0.9384) → results/finetune_zenodo/checkpoints/srad_nopad/resnet50/best.pt
[Checkpoint] Saved (epoch=14, val_auc=0.9384) → results/finetune_zenodo/checkpoints/srad_nopad/resnet50/best_e14.pt
  Epoch  15 | train_loss=0.1871  val_loss=0.4422 | val_acc=0.8094  val_auc=0.9269  val_f1=0.5414  val_mcc=0.5398 | lr=2.25e-05  time=23.5s
[Checkpoint] Saved (epoch=15, val_auc=0.9269) → results/finetune_zenodo/checkpoints/srad_nopad/resnet50/best_e15.pt

[Trainer] Training complete in 359s
[Trainer] Best val AUC: 0.9384 at epoch 14
[Trainer] Saved curve artifacts to results/finetune_zenodo/checkpoints/srad_nopad/resnet50
[Logger] Final metrics saved to results/finetune_zenodo/checkpoints/srad_nopad/resnet50/final_metrics.json
[Logger] Training curves saved to results/finetune_zenodo/checkpoints/srad_nopad/resnet50/training_curve.png
[SweepFinetune] Run 2/18: resnet50 + gauss_nopad — skipping (best.pt exists)

============================================================
[SweepFinetune] Run 3/18: resnet101 + srad_nopad
============================================================
[Logger] Run directory: results/finetune_zenodo/checkpoints/srad_nopad/resnet101 (resume=False)
[Builder] Frozen 0/312 parameters (0.0%)
[Builder] Total params: 43,058,626, Trainable: 43,058,626
[SweepFinetune] Loading Figshare weights from results/ablation_nopad/checkpoints/srad_nopad/resnet101/best.pt
[Checkpoint] Loaded from results/ablation_nopad/checkpoints/srad_nopad/resnet101/best.pt (epoch=53, val_auc=0.9961)
[Loss] Class weights: [0.5638766288757324, 4.413793087005615]

============================================================
Training for up to 15 epochs (patience=5, warmup=1)
============================================================

  Epoch   1 | train_loss=0.6004  val_loss=0.6408 | val_acc=0.7594  val_auc=0.8478  val_f1=0.4338  val_mcc=0.3894 | lr=3.00e-05  time=23.4s
[Checkpoint] Saved (epoch=1, val_auc=0.8478) → results/finetune_zenodo/checkpoints/srad_nopad/resnet101/best.pt
[Checkpoint] Saved (epoch=1, val_auc=0.8478) → results/finetune_zenodo/checkpoints/srad_nopad/resnet101/best_e1.pt
  Epoch   2 | train_loss=0.3275  val_loss=0.5314 | val_acc=0.7937  val_auc=0.8742  val_f1=0.4762  val_mcc=0.4372 | lr=3.00e-05  time=23.5s
[Checkpoint] Saved (epoch=2, val_auc=0.8742) → results/finetune_zenodo/checkpoints/srad_nopad/resnet101/best.pt
[Checkpoint] Saved (epoch=2, val_auc=0.8742) → results/finetune_zenodo/checkpoints/srad_nopad/resnet101/best_e2.pt
  Epoch   3 | train_loss=0.2790  val_loss=0.5118 | val_acc=0.7750  val_auc=0.8837  val_f1=0.4820  val_mcc=0.4639 | lr=2.25e-05  time=23.4s
[Checkpoint] Saved (epoch=3, val_auc=0.8837) → results/finetune_zenodo/checkpoints/srad_nopad/resnet101/best.pt
[Checkpoint] Saved (epoch=3, val_auc=0.8837) → results/finetune_zenodo/checkpoints/srad_nopad/resnet101/best_e3.pt
  Epoch   4 | train_loss=0.2447  val_loss=0.4432 | val_acc=0.7844  val_auc=0.8867  val_f1=0.4926  val_mcc=0.4747 | lr=7.50e-06  time=23.4s
[Checkpoint] Saved (epoch=4, val_auc=0.8867) → results/finetune_zenodo/checkpoints/srad_nopad/resnet101/best.pt
[Checkpoint] Saved (epoch=4, val_auc=0.8867) → results/finetune_zenodo/checkpoints/srad_nopad/resnet101/best_e4.pt
  Epoch   5 | train_loss=0.2212  val_loss=0.4305 | val_acc=0.7750  val_auc=0.9041  val_f1=0.4857  val_mcc=0.4709 | lr=3.00e-05  time=23.3s
[Checkpoint] Saved (epoch=5, val_auc=0.9041) → results/finetune_zenodo/checkpoints/srad_nopad/resnet101/best.pt
[Checkpoint] Saved (epoch=5, val_auc=0.9041) → results/finetune_zenodo/checkpoints/srad_nopad/resnet101/best_e5.pt
  Epoch   6 | train_loss=0.2280  val_loss=0.4460 | val_acc=0.7594  val_auc=0.9208  val_f1=0.4797  val_mcc=0.4748 | lr=2.80e-05  time=23.4s
[Checkpoint] Saved (epoch=6, val_auc=0.9208) → results/finetune_zenodo/checkpoints/srad_nopad/resnet101/best.pt
[Checkpoint] Saved (epoch=6, val_auc=0.9208) → results/finetune_zenodo/checkpoints/srad_nopad/resnet101/best_e6.pt
  Epoch   7 | train_loss=0.2005  val_loss=0.4071 | val_acc=0.7797  val_auc=0.9245  val_f1=0.4982  val_mcc=0.4902 | lr=2.25e-05  time=23.4s
[Checkpoint] Saved (epoch=7, val_auc=0.9245) → results/finetune_zenodo/checkpoints/srad_nopad/resnet101/best.pt
[Checkpoint] Saved (epoch=7, val_auc=0.9245) → results/finetune_zenodo/checkpoints/srad_nopad/resnet101/best_e7.pt
  Epoch   8 | train_loss=0.2124  val_loss=0.4363 | val_acc=0.7734  val_auc=0.9281  val_f1=0.4912  val_mcc=0.4831 | lr=1.50e-05  time=23.4s
[Checkpoint] Saved (epoch=8, val_auc=0.9281) → results/finetune_zenodo/checkpoints/srad_nopad/resnet101/best.pt
[Checkpoint] Saved (epoch=8, val_auc=0.9281) → results/finetune_zenodo/checkpoints/srad_nopad/resnet101/best_e8.pt
  Epoch   9 | train_loss=0.2134  val_loss=0.4251 | val_acc=0.7750  val_auc=0.9342  val_f1=0.4930  val_mcc=0.4849 | lr=7.50e-06  time=23.4s
[Checkpoint] Saved (epoch=9, val_auc=0.9342) → results/finetune_zenodo/checkpoints/srad_nopad/resnet101/best.pt
[Checkpoint] Saved (epoch=9, val_auc=0.9342) → results/finetune_zenodo/checkpoints/srad_nopad/resnet101/best_e9.pt
  Epoch  10 | train_loss=0.1967  val_loss=0.3981 | val_acc=0.7797  val_auc=0.9325  val_f1=0.4982  val_mcc=0.4902 | lr=2.01e-06  time=23.4s
[Checkpoint] Saved (epoch=10, val_auc=0.9325) → results/finetune_zenodo/checkpoints/srad_nopad/resnet101/best_e10.pt
  Epoch  11 | train_loss=0.2107  val_loss=0.3216 | val_acc=0.8234  val_auc=0.9321  val_f1=0.5425  val_mcc=0.5249 | lr=3.00e-05  time=23.4s
[Checkpoint] Saved (epoch=11, val_auc=0.9321) → results/finetune_zenodo/checkpoints/srad_nopad/resnet101/best_e11.pt
  Epoch  12 | train_loss=0.2034  val_loss=0.3629 | val_acc=0.8016  val_auc=0.9254  val_f1=0.5279  val_mcc=0.5232 | lr=2.95e-05  time=23.4s
[Checkpoint] Saved (epoch=12, val_auc=0.9254) → results/finetune_zenodo/checkpoints/srad_nopad/resnet101/best_e12.pt
  Epoch  13 | train_loss=0.1871  val_loss=0.3733 | val_acc=0.8000  val_auc=0.9331  val_f1=0.5259  val_mcc=0.5213 | lr=2.80e-05  time=23.5s
[Checkpoint] Saved (epoch=13, val_auc=0.9331) → results/finetune_zenodo/checkpoints/srad_nopad/resnet101/best_e13.pt
  Epoch  14 | train_loss=0.1965  val_loss=0.3526 | val_acc=0.7937  val_auc=0.9439  val_f1=0.5217  val_mcc=0.5205 | lr=2.56e-05  time=23.4s
[Checkpoint] Saved (epoch=14, val_auc=0.9439) → results/finetune_zenodo/checkpoints/srad_nopad/resnet101/best.pt
[Checkpoint] Saved (epoch=14, val_auc=0.9439) → results/finetune_zenodo/checkpoints/srad_nopad/resnet101/best_e14.pt
  Epoch  15 | train_loss=0.1864  val_loss=0.3431 | val_acc=0.8047  val_auc=0.9476  val_f1=0.5353  val_mcc=0.5339 | lr=2.25e-05  time=23.4s
[Checkpoint] Saved (epoch=15, val_auc=0.9476) → results/finetune_zenodo/checkpoints/srad_nopad/resnet101/best.pt
[Checkpoint] Saved (epoch=15, val_auc=0.9476) → results/finetune_zenodo/checkpoints/srad_nopad/resnet101/best_e15.pt

[Trainer] Training complete in 361s
[Trainer] Best val AUC: 0.9476 at epoch 15
[Trainer] Saved curve artifacts to results/finetune_zenodo/checkpoints/srad_nopad/resnet101
[Logger] Final metrics saved to results/finetune_zenodo/checkpoints/srad_nopad/resnet101/final_metrics.json
[Logger] Training curves saved to results/finetune_zenodo/checkpoints/srad_nopad/resnet101/training_curve.png

============================================================
[SweepFinetune] Run 4/18: resnet101 + gauss_nopad
============================================================
[Logger] Run directory: results/finetune_zenodo/checkpoints/gauss_nopad/resnet101 (resume=False)
[Builder] Frozen 0/312 parameters (0.0%)
[Builder] Total params: 43,058,626, Trainable: 43,058,626
[SweepFinetune] Loading Figshare weights from results/ablation_nopad/checkpoints/gauss_nopad/resnet101/best.pt
[Checkpoint] Loaded from results/ablation_nopad/checkpoints/gauss_nopad/resnet101/best.pt (epoch=54, val_auc=0.9953)
[Loss] Class weights: [0.5638766288757324, 4.413793087005615]

============================================================
Training for up to 15 epochs (patience=5, warmup=1)
============================================================

  Epoch   1 | train_loss=0.6104  val_loss=0.5434 | val_acc=0.7484  val_auc=0.8518  val_f1=0.4467  val_mcc=0.4207 | lr=3.00e-05  time=6.3s
[Checkpoint] Saved (epoch=1, val_auc=0.8518) → results/finetune_zenodo/checkpoints/gauss_nopad/resnet101/best.pt
[Checkpoint] Saved (epoch=1, val_auc=0.8518) → results/finetune_zenodo/checkpoints/gauss_nopad/resnet101/best_e1.pt
  Epoch   2 | train_loss=0.3075  val_loss=0.4734 | val_acc=0.7641  val_auc=0.8819  val_f1=0.4626  val_mcc=0.4375 | lr=3.00e-05  time=6.3s
[Checkpoint] Saved (epoch=2, val_auc=0.8819) → results/finetune_zenodo/checkpoints/gauss_nopad/resnet101/best.pt
[Checkpoint] Saved (epoch=2, val_auc=0.8819) → results/finetune_zenodo/checkpoints/gauss_nopad/resnet101/best_e2.pt
  Epoch   3 | train_loss=0.2598  val_loss=0.4532 | val_acc=0.7719  val_auc=0.8990  val_f1=0.4859  val_mcc=0.4744 | lr=2.25e-05  time=6.3s
[Checkpoint] Saved (epoch=3, val_auc=0.8990) → results/finetune_zenodo/checkpoints/gauss_nopad/resnet101/best.pt
[Checkpoint] Saved (epoch=3, val_auc=0.8990) → results/finetune_zenodo/checkpoints/gauss_nopad/resnet101/best_e3.pt
  Epoch   4 | train_loss=0.2308  val_loss=0.4178 | val_acc=0.7719  val_auc=0.9019  val_f1=0.4859  val_mcc=0.4744 | lr=7.50e-06  time=6.3s
[Checkpoint] Saved (epoch=4, val_auc=0.9019) → results/finetune_zenodo/checkpoints/gauss_nopad/resnet101/best.pt
[Checkpoint] Saved (epoch=4, val_auc=0.9019) → results/finetune_zenodo/checkpoints/gauss_nopad/resnet101/best_e4.pt
  Epoch   5 | train_loss=0.2277  val_loss=0.4421 | val_acc=0.7672  val_auc=0.9158  val_f1=0.4844  val_mcc=0.4762 | lr=3.00e-05  time=6.3s
[Checkpoint] Saved (epoch=5, val_auc=0.9158) → results/finetune_zenodo/checkpoints/gauss_nopad/resnet101/best.pt
[Checkpoint] Saved (epoch=5, val_auc=0.9158) → results/finetune_zenodo/checkpoints/gauss_nopad/resnet101/best_e5.pt
  Epoch   6 | train_loss=0.2262  val_loss=0.4401 | val_acc=0.7688  val_auc=0.9203  val_f1=0.4861  val_mcc=0.4779 | lr=2.80e-05  time=6.3s
[Checkpoint] Saved (epoch=6, val_auc=0.9203) → results/finetune_zenodo/checkpoints/gauss_nopad/resnet101/best.pt
[Checkpoint] Saved (epoch=6, val_auc=0.9203) → results/finetune_zenodo/checkpoints/gauss_nopad/resnet101/best_e6.pt
  Epoch   7 | train_loss=0.1897  val_loss=0.4016 | val_acc=0.7781  val_auc=0.9213  val_f1=0.5000  val_mcc=0.4954 | lr=2.25e-05  time=6.3s
[Checkpoint] Saved (epoch=7, val_auc=0.9213) → results/finetune_zenodo/checkpoints/gauss_nopad/resnet101/best.pt
[Checkpoint] Saved (epoch=7, val_auc=0.9213) → results/finetune_zenodo/checkpoints/gauss_nopad/resnet101/best_e7.pt
  Epoch   8 | train_loss=0.2038  val_loss=0.3971 | val_acc=0.7719  val_auc=0.9263  val_f1=0.4931  val_mcc=0.4884 | lr=1.50e-05  time=6.3s
[Checkpoint] Saved (epoch=8, val_auc=0.9263) → results/finetune_zenodo/checkpoints/gauss_nopad/resnet101/best.pt
[Checkpoint] Saved (epoch=8, val_auc=0.9263) → results/finetune_zenodo/checkpoints/gauss_nopad/resnet101/best_e8.pt
  Epoch   9 | train_loss=0.2097  val_loss=0.4341 | val_acc=0.7766  val_auc=0.9306  val_f1=0.4947  val_mcc=0.4866 | lr=7.50e-06  time=6.3s
[Checkpoint] Saved (epoch=9, val_auc=0.9306) → results/finetune_zenodo/checkpoints/gauss_nopad/resnet101/best.pt
[Checkpoint] Saved (epoch=9, val_auc=0.9306) → results/finetune_zenodo/checkpoints/gauss_nopad/resnet101/best_e9.pt
  Epoch  10 | train_loss=0.1971  val_loss=0.3834 | val_acc=0.7859  val_auc=0.9302  val_f1=0.5054  val_mcc=0.4974 | lr=2.01e-06  time=6.3s
[Checkpoint] Saved (epoch=10, val_auc=0.9302) → results/finetune_zenodo/checkpoints/gauss_nopad/resnet101/best_e10.pt
  Epoch  11 | train_loss=0.2048  val_loss=0.3582 | val_acc=0.7906  val_auc=0.9334  val_f1=0.5109  val_mcc=0.5030 | lr=3.00e-05  time=6.3s
[Checkpoint] Saved (epoch=11, val_auc=0.9334) → results/finetune_zenodo/checkpoints/gauss_nopad/resnet101/best.pt
[Checkpoint] Saved (epoch=11, val_auc=0.9334) → results/finetune_zenodo/checkpoints/gauss_nopad/resnet101/best_e11.pt
  Epoch  12 | train_loss=0.1965  val_loss=0.3787 | val_acc=0.7812  val_auc=0.9324  val_f1=0.4964  val_mcc=0.4850 | lr=2.95e-05  time=6.3s
[Checkpoint] Saved (epoch=12, val_auc=0.9324) → results/finetune_zenodo/checkpoints/gauss_nopad/resnet101/best_e12.pt
  Epoch  13 | train_loss=0.1902  val_loss=0.3965 | val_acc=0.7719  val_auc=0.9355  val_f1=0.4895  val_mcc=0.4814 | lr=2.80e-05  time=6.3s
[Checkpoint] Saved (epoch=13, val_auc=0.9355) → results/finetune_zenodo/checkpoints/gauss_nopad/resnet101/best.pt
[Checkpoint] Saved (epoch=13, val_auc=0.9355) → results/finetune_zenodo/checkpoints/gauss_nopad/resnet101/best_e13.pt
  Epoch  14 | train_loss=0.1971  val_loss=0.3584 | val_acc=0.7969  val_auc=0.9481  val_f1=0.5255  val_mcc=0.5243 | lr=2.56e-05  time=6.4s
[Checkpoint] Saved (epoch=14, val_auc=0.9481) → results/finetune_zenodo/checkpoints/gauss_nopad/resnet101/best.pt
[Checkpoint] Saved (epoch=14, val_auc=0.9481) → results/finetune_zenodo/checkpoints/gauss_nopad/resnet101/best_e14.pt
  Epoch  15 | train_loss=0.1815  val_loss=0.3688 | val_acc=0.8047  val_auc=0.9483  val_f1=0.5247  val_mcc=0.5135 | lr=2.25e-05  time=6.4s
[Checkpoint] Saved (epoch=15, val_auc=0.9483) → results/finetune_zenodo/checkpoints/gauss_nopad/resnet101/best.pt
[Checkpoint] Saved (epoch=15, val_auc=0.9483) → results/finetune_zenodo/checkpoints/gauss_nopad/resnet101/best_e15.pt

[Trainer] Training complete in 106s
[Trainer] Best val AUC: 0.9483 at epoch 15
[Trainer] Saved curve artifacts to results/finetune_zenodo/checkpoints/gauss_nopad/resnet101
[Logger] Final metrics saved to results/finetune_zenodo/checkpoints/gauss_nopad/resnet101/final_metrics.json
[Logger] Training curves saved to results/finetune_zenodo/checkpoints/gauss_nopad/resnet101/training_curve.png

============================================================
[SweepFinetune] Run 5/18: densenet121 + srad_nopad
============================================================
[Logger] Run directory: results/finetune_zenodo/checkpoints/srad_nopad/densenet121 (resume=False)
[Builder] Frozen 0/362 parameters (0.0%)
[Builder] Total params: 7,250,178, Trainable: 7,250,178
[SweepFinetune] Loading Figshare weights from results/ablation_nopad/checkpoints/srad_nopad/densenet121/best.pt
[Checkpoint] Loaded from results/ablation_nopad/checkpoints/srad_nopad/densenet121/best.pt (epoch=13, val_auc=0.9939)
[Loss] Class weights: [0.5638766288757324, 4.413793087005615]

============================================================
Training for up to 15 epochs (patience=5, warmup=1)
============================================================

  Epoch   1 | train_loss=0.4174  val_loss=0.3687 | val_acc=0.7797  val_auc=0.9170  val_f1=0.4982  val_mcc=0.4902 | lr=3.00e-05  time=24.1s
[Checkpoint] Saved (epoch=1, val_auc=0.9170) → results/finetune_zenodo/checkpoints/srad_nopad/densenet121/best.pt
[Checkpoint] Saved (epoch=1, val_auc=0.9170) → results/finetune_zenodo/checkpoints/srad_nopad/densenet121/best_e1.pt
  Epoch   2 | train_loss=0.2213  val_loss=0.3444 | val_acc=0.8031  val_auc=0.9308  val_f1=0.5227  val_mcc=0.5115 | lr=3.00e-05  time=23.2s
[Checkpoint] Saved (epoch=2, val_auc=0.9308) → results/finetune_zenodo/checkpoints/srad_nopad/densenet121/best.pt
[Checkpoint] Saved (epoch=2, val_auc=0.9308) → results/finetune_zenodo/checkpoints/srad_nopad/densenet121/best_e2.pt
  Epoch   3 | train_loss=0.2060  val_loss=0.3396 | val_acc=0.7844  val_auc=0.9476  val_f1=0.5071  val_mcc=0.5025 | lr=2.25e-05  time=23.3s
[Checkpoint] Saved (epoch=3, val_auc=0.9476) → results/finetune_zenodo/checkpoints/srad_nopad/densenet121/best.pt
[Checkpoint] Saved (epoch=3, val_auc=0.9476) → results/finetune_zenodo/checkpoints/srad_nopad/densenet121/best_e3.pt
  Epoch   4 | train_loss=0.1827  val_loss=0.3398 | val_acc=0.7953  val_auc=0.9470  val_f1=0.5201  val_mcc=0.5155 | lr=7.50e-06  time=23.2s
[Checkpoint] Saved (epoch=4, val_auc=0.9470) → results/finetune_zenodo/checkpoints/srad_nopad/densenet121/best_e4.pt
  Epoch   5 | train_loss=0.1580  val_loss=0.3807 | val_acc=0.7859  val_auc=0.9454  val_f1=0.5090  val_mcc=0.5044 | lr=3.00e-05  time=23.2s
[Checkpoint] Saved (epoch=5, val_auc=0.9454) → results/finetune_zenodo/checkpoints/srad_nopad/densenet121/best_e5.pt
  Epoch   6 | train_loss=0.1728  val_loss=0.3166 | val_acc=0.8094  val_auc=0.9393  val_f1=0.5344  val_mcc=0.5263 | lr=2.80e-05  time=23.2s
[Checkpoint] Saved (epoch=6, val_auc=0.9393) → results/finetune_zenodo/checkpoints/srad_nopad/densenet121/best_e6.pt
  Epoch   7 | train_loss=0.1537  val_loss=0.3172 | val_acc=0.8187  val_auc=0.9492  val_f1=0.5469  val_mcc=0.5386 | lr=2.25e-05  time=23.3s
[Checkpoint] Saved (epoch=7, val_auc=0.9492) → results/finetune_zenodo/checkpoints/srad_nopad/densenet121/best.pt
[Checkpoint] Saved (epoch=7, val_auc=0.9492) → results/finetune_zenodo/checkpoints/srad_nopad/densenet121/best_e7.pt
  Epoch   8 | train_loss=0.1539  val_loss=0.3079 | val_acc=0.8328  val_auc=0.9496  val_f1=0.5633  val_mcc=0.5516 | lr=1.50e-05  time=23.3s
[Checkpoint] Saved (epoch=8, val_auc=0.9496) → results/finetune_zenodo/checkpoints/srad_nopad/densenet121/best.pt
[Checkpoint] Saved (epoch=8, val_auc=0.9496) → results/finetune_zenodo/checkpoints/srad_nopad/densenet121/best_e8.pt
  Epoch   9 | train_loss=0.1581  val_loss=0.3026 | val_acc=0.8391  val_auc=0.9472  val_f1=0.5726  val_mcc=0.5607 | lr=7.50e-06  time=23.3s
[Checkpoint] Saved (epoch=9, val_auc=0.9472) → results/finetune_zenodo/checkpoints/srad_nopad/densenet121/best_e9.pt
  Epoch  10 | train_loss=0.1360  val_loss=0.3060 | val_acc=0.8391  val_auc=0.9472  val_f1=0.5726  val_mcc=0.5607 | lr=2.01e-06  time=23.2s
[Checkpoint] Saved (epoch=10, val_auc=0.9472) → results/finetune_zenodo/checkpoints/srad_nopad/densenet121/best_e10.pt
  Epoch  11 | train_loss=0.1552  val_loss=0.3347 | val_acc=0.8297  val_auc=0.9491  val_f1=0.5622  val_mcc=0.5537 | lr=3.00e-05  time=23.2s
[Checkpoint] Saved (epoch=11, val_auc=0.9491) → results/finetune_zenodo/checkpoints/srad_nopad/densenet121/best_e11.pt
  Epoch  12 | train_loss=0.1319  val_loss=0.2950 | val_acc=0.8594  val_auc=0.9469  val_f1=0.6053  val_mcc=0.5926 | lr=2.95e-05  time=23.3s
[Checkpoint] Saved (epoch=12, val_auc=0.9469) → results/finetune_zenodo/checkpoints/srad_nopad/densenet121/best_e12.pt
  Epoch  13 | train_loss=0.1419  val_loss=0.3104 | val_acc=0.8547  val_auc=0.9374  val_f1=0.5939  val_mcc=0.5785 | lr=2.80e-05  time=23.2s
[Checkpoint] Saved (epoch=13, val_auc=0.9374) → results/finetune_zenodo/checkpoints/srad_nopad/densenet121/best_e13.pt

[Trainer] Early stopping at epoch 13 (no improvement for 5 epochs)

[Trainer] Training complete in 305s
[Trainer] Best val AUC: 0.9496 at epoch 8
[Trainer] Saved curve artifacts to results/finetune_zenodo/checkpoints/srad_nopad/densenet121
[Logger] Final metrics saved to results/finetune_zenodo/checkpoints/srad_nopad/densenet121/final_metrics.json
[Logger] Training curves saved to results/finetune_zenodo/checkpoints/srad_nopad/densenet121/training_curve.png

============================================================
[SweepFinetune] Run 6/18: densenet121 + gauss_nopad
============================================================
[Logger] Run directory: results/finetune_zenodo/checkpoints/gauss_nopad/densenet121 (resume=False)
[Builder] Frozen 0/362 parameters (0.0%)
[Builder] Total params: 7,250,178, Trainable: 7,250,178
[SweepFinetune] Loading Figshare weights from results/ablation_nopad/checkpoints/gauss_nopad/densenet121/best.pt
[Checkpoint] Loaded from results/ablation_nopad/checkpoints/gauss_nopad/densenet121/best.pt (epoch=83, val_auc=0.9988)
[Loss] Class weights: [0.5638766288757324, 4.413793087005615]

============================================================
Training for up to 15 epochs (patience=5, warmup=1)
============================================================

  Epoch   1 | train_loss=0.3511  val_loss=0.4576 | val_acc=0.7641  val_auc=0.8983  val_f1=0.4811  val_mcc=0.4728 | lr=3.00e-05  time=5.2s
[Checkpoint] Saved (epoch=1, val_auc=0.8983) → results/finetune_zenodo/checkpoints/gauss_nopad/densenet121/best.pt
[Checkpoint] Saved (epoch=1, val_auc=0.8983) → results/finetune_zenodo/checkpoints/gauss_nopad/densenet121/best_e1.pt
  Epoch   2 | train_loss=0.1924  val_loss=0.4120 | val_acc=0.7984  val_auc=0.9335  val_f1=0.5240  val_mcc=0.5193 | lr=3.00e-05  time=5.3s
[Checkpoint] Saved (epoch=2, val_auc=0.9335) → results/finetune_zenodo/checkpoints/gauss_nopad/densenet121/best.pt
[Checkpoint] Saved (epoch=2, val_auc=0.9335) → results/finetune_zenodo/checkpoints/gauss_nopad/densenet121/best_e2.pt
  Epoch   3 | train_loss=0.1803  val_loss=0.3965 | val_acc=0.7922  val_auc=0.9522  val_f1=0.5199  val_mcc=0.5186 | lr=2.25e-05  time=5.2s
[Checkpoint] Saved (epoch=3, val_auc=0.9522) → results/finetune_zenodo/checkpoints/gauss_nopad/densenet121/best.pt
[Checkpoint] Saved (epoch=3, val_auc=0.9522) → results/finetune_zenodo/checkpoints/gauss_nopad/densenet121/best_e3.pt
  Epoch   4 | train_loss=0.1702  val_loss=0.3955 | val_acc=0.7969  val_auc=0.9482  val_f1=0.5221  val_mcc=0.5174 | lr=7.50e-06  time=5.2s
[Checkpoint] Saved (epoch=4, val_auc=0.9482) → results/finetune_zenodo/checkpoints/gauss_nopad/densenet121/best_e4.pt
  Epoch   5 | train_loss=0.1453  val_loss=0.4215 | val_acc=0.8094  val_auc=0.9351  val_f1=0.5344  val_mcc=0.5263 | lr=3.00e-05  time=5.4s
[Checkpoint] Saved (epoch=5, val_auc=0.9351) → results/finetune_zenodo/checkpoints/gauss_nopad/densenet121/best_e5.pt
  Epoch   6 | train_loss=0.1584  val_loss=0.3354 | val_acc=0.8266  val_auc=0.9438  val_f1=0.5578  val_mcc=0.5493 | lr=2.80e-05  time=5.2s
[Checkpoint] Saved (epoch=6, val_auc=0.9438) → results/finetune_zenodo/checkpoints/gauss_nopad/densenet121/best_e6.pt
  Epoch   7 | train_loss=0.1406  val_loss=0.3392 | val_acc=0.8359  val_auc=0.9519  val_f1=0.5749  val_mcc=0.5693 | lr=2.25e-05  time=5.3s
[Checkpoint] Saved (epoch=7, val_auc=0.9519) → results/finetune_zenodo/checkpoints/gauss_nopad/densenet121/best_e7.pt
  Epoch   8 | train_loss=0.1482  val_loss=0.3243 | val_acc=0.8469  val_auc=0.9446  val_f1=0.5847  val_mcc=0.5726 | lr=1.50e-05  time=5.3s
[Checkpoint] Saved (epoch=8, val_auc=0.9446) → results/finetune_zenodo/checkpoints/gauss_nopad/densenet121/best_e8.pt

[Trainer] Early stopping at epoch 8 (no improvement for 5 epochs)

[Trainer] Training complete in 43s
[Trainer] Best val AUC: 0.9522 at epoch 3
[Trainer] Saved curve artifacts to results/finetune_zenodo/checkpoints/gauss_nopad/densenet121
[Logger] Final metrics saved to results/finetune_zenodo/checkpoints/gauss_nopad/densenet121/final_metrics.json
[Logger] Training curves saved to results/finetune_zenodo/checkpoints/gauss_nopad/densenet121/training_curve.png

============================================================
[SweepFinetune] Run 7/18: densenet169 + srad_nopad
============================================================
[Logger] Run directory: results/finetune_zenodo/checkpoints/srad_nopad/densenet169 (resume=False)
[Builder] Frozen 0/506 parameters (0.0%)
[Builder] Total params: 12,944,642, Trainable: 12,944,642
[SweepFinetune] Loading Figshare weights from results/ablation_nopad/checkpoints/srad_nopad/densenet169/best.pt
[Checkpoint] Loaded from results/ablation_nopad/checkpoints/srad_nopad/densenet169/best.pt (epoch=7, val_auc=0.9957)
[Loss] Class weights: [0.5638766288757324, 4.413793087005615]

============================================================
Training for up to 15 epochs (patience=5, warmup=1)
============================================================

  Epoch   1 | train_loss=0.3160  val_loss=0.3497 | val_acc=0.8063  val_auc=0.9346  val_f1=0.5373  val_mcc=0.5359 | lr=3.00e-05  time=23.6s
[Checkpoint] Saved (epoch=1, val_auc=0.9346) → results/finetune_zenodo/checkpoints/srad_nopad/densenet169/best.pt
[Checkpoint] Saved (epoch=1, val_auc=0.9346) → results/finetune_zenodo/checkpoints/srad_nopad/densenet169/best_e1.pt
  Epoch   2 | train_loss=0.1733  val_loss=0.3612 | val_acc=0.8313  val_auc=0.9210  val_f1=0.5680  val_mcc=0.5626 | lr=3.00e-05  time=23.3s
[Checkpoint] Saved (epoch=2, val_auc=0.9210) → results/finetune_zenodo/checkpoints/srad_nopad/densenet169/best_e2.pt
  Epoch   3 | train_loss=0.1537  val_loss=0.3613 | val_acc=0.8297  val_auc=0.9415  val_f1=0.5657  val_mcc=0.5604 | lr=2.25e-05  time=23.4s
[Checkpoint] Saved (epoch=3, val_auc=0.9415) → results/finetune_zenodo/checkpoints/srad_nopad/densenet169/best.pt
[Checkpoint] Saved (epoch=3, val_auc=0.9415) → results/finetune_zenodo/checkpoints/srad_nopad/densenet169/best_e3.pt
  Epoch   4 | train_loss=0.1363  val_loss=0.3485 | val_acc=0.8313  val_auc=0.9428  val_f1=0.5680  val_mcc=0.5626 | lr=7.50e-06  time=23.6s
[Checkpoint] Saved (epoch=4, val_auc=0.9428) → results/finetune_zenodo/checkpoints/srad_nopad/densenet169/best.pt
[Checkpoint] Saved (epoch=4, val_auc=0.9428) → results/finetune_zenodo/checkpoints/srad_nopad/densenet169/best_e4.pt
  Epoch   5 | train_loss=0.1339  val_loss=0.3198 | val_acc=0.8344  val_auc=0.9366  val_f1=0.5726  val_mcc=0.5670 | lr=3.00e-05  time=23.5s
[Checkpoint] Saved (epoch=5, val_auc=0.9366) → results/finetune_zenodo/checkpoints/srad_nopad/densenet169/best_e5.pt
  Epoch   6 | train_loss=0.1330  val_loss=0.3370 | val_acc=0.8469  val_auc=0.9404  val_f1=0.5739  val_mcc=0.5530 | lr=2.80e-05  time=23.4s
[Checkpoint] Saved (epoch=6, val_auc=0.9404) → results/finetune_zenodo/checkpoints/srad_nopad/densenet169/best_e6.pt
  Epoch   7 | train_loss=0.1289  val_loss=0.2917 | val_acc=0.8547  val_auc=0.9483  val_f1=0.6043  val_mcc=0.5977 | lr=2.25e-05  time=23.3s
[Checkpoint] Saved (epoch=7, val_auc=0.9483) → results/finetune_zenodo/checkpoints/srad_nopad/densenet169/best.pt
[Checkpoint] Saved (epoch=7, val_auc=0.9483) → results/finetune_zenodo/checkpoints/srad_nopad/densenet169/best_e7.pt
  Epoch   8 | train_loss=0.1216  val_loss=0.3270 | val_acc=0.8469  val_auc=0.9454  val_f1=0.5917  val_mcc=0.5855 | lr=1.50e-05  time=23.5s
[Checkpoint] Saved (epoch=8, val_auc=0.9454) → results/finetune_zenodo/checkpoints/srad_nopad/densenet169/best_e8.pt
  Epoch   9 | train_loss=0.1211  val_loss=0.3235 | val_acc=0.8531  val_auc=0.9414  val_f1=0.5948  val_mcc=0.5824 | lr=7.50e-06  time=23.4s
[Checkpoint] Saved (epoch=9, val_auc=0.9414) → results/finetune_zenodo/checkpoints/srad_nopad/densenet169/best_e9.pt
  Epoch  10 | train_loss=0.1066  val_loss=0.3076 | val_acc=0.8500  val_auc=0.9425  val_f1=0.5862  val_mcc=0.5710 | lr=2.01e-06  time=23.3s
[Checkpoint] Saved (epoch=10, val_auc=0.9425) → results/finetune_zenodo/checkpoints/srad_nopad/densenet169/best_e10.pt
  Epoch  11 | train_loss=0.1154  val_loss=0.3614 | val_acc=0.8313  val_auc=0.9423  val_f1=0.5680  val_mcc=0.5626 | lr=3.00e-05  time=23.3s
[Checkpoint] Saved (epoch=11, val_auc=0.9423) → results/finetune_zenodo/checkpoints/srad_nopad/densenet169/best_e11.pt
  Epoch  12 | train_loss=0.1099  val_loss=0.3331 | val_acc=0.8531  val_auc=0.9448  val_f1=0.5983  val_mcc=0.5888 | lr=2.95e-05  time=23.3s
[Checkpoint] Saved (epoch=12, val_auc=0.9448) → results/finetune_zenodo/checkpoints/srad_nopad/densenet169/best_e12.pt

[Trainer] Early stopping at epoch 12 (no improvement for 5 epochs)

[Trainer] Training complete in 284s
[Trainer] Best val AUC: 0.9483 at epoch 7
[Trainer] Saved curve artifacts to results/finetune_zenodo/checkpoints/srad_nopad/densenet169
[Logger] Final metrics saved to results/finetune_zenodo/checkpoints/srad_nopad/densenet169/final_metrics.json
[Logger] Training curves saved to results/finetune_zenodo/checkpoints/srad_nopad/densenet169/training_curve.png

============================================================
[SweepFinetune] Run 8/18: densenet169 + gauss_nopad
============================================================
[Logger] Run directory: results/finetune_zenodo/checkpoints/gauss_nopad/densenet169 (resume=False)
[Builder] Frozen 0/506 parameters (0.0%)
[Builder] Total params: 12,944,642, Trainable: 12,944,642
[SweepFinetune] Loading Figshare weights from results/ablation_nopad/checkpoints/gauss_nopad/densenet169/best.pt
[Checkpoint] Loaded from results/ablation_nopad/checkpoints/gauss_nopad/densenet169/best.pt (epoch=39, val_auc=0.999)
[Loss] Class weights: [0.5638766288757324, 4.413793087005615]

============================================================
Training for up to 15 epochs (patience=5, warmup=1)
============================================================

  Epoch   1 | train_loss=0.2833  val_loss=0.3602 | val_acc=0.8031  val_auc=0.9428  val_f1=0.5299  val_mcc=0.5251 | lr=3.00e-05  time=6.3s
[Checkpoint] Saved (epoch=1, val_auc=0.9428) → results/finetune_zenodo/checkpoints/gauss_nopad/densenet169/best.pt
[Checkpoint] Saved (epoch=1, val_auc=0.9428) → results/finetune_zenodo/checkpoints/gauss_nopad/densenet169/best_e1.pt
  Epoch   2 | train_loss=0.1611  val_loss=0.3520 | val_acc=0.8344  val_auc=0.9366  val_f1=0.5726  val_mcc=0.5670 | lr=3.00e-05  time=6.3s
[Checkpoint] Saved (epoch=2, val_auc=0.9366) → results/finetune_zenodo/checkpoints/gauss_nopad/densenet169/best_e2.pt
  Epoch   3 | train_loss=0.1449  val_loss=0.3362 | val_acc=0.8344  val_auc=0.9557  val_f1=0.5691  val_mcc=0.5604 | lr=2.25e-05  time=6.3s
[Checkpoint] Saved (epoch=3, val_auc=0.9557) → results/finetune_zenodo/checkpoints/gauss_nopad/densenet169/best.pt
[Checkpoint] Saved (epoch=3, val_auc=0.9557) → results/finetune_zenodo/checkpoints/gauss_nopad/densenet169/best_e3.pt
  Epoch   4 | train_loss=0.1342  val_loss=0.3247 | val_acc=0.8391  val_auc=0.9563  val_f1=0.5761  val_mcc=0.5673 | lr=7.50e-06  time=6.4s
[Checkpoint] Saved (epoch=4, val_auc=0.9563) → results/finetune_zenodo/checkpoints/gauss_nopad/densenet169/best.pt
[Checkpoint] Saved (epoch=4, val_auc=0.9563) → results/finetune_zenodo/checkpoints/gauss_nopad/densenet169/best_e4.pt
  Epoch   5 | train_loss=0.1292  val_loss=0.2874 | val_acc=0.8453  val_auc=0.9465  val_f1=0.5892  val_mcc=0.5832 | lr=3.00e-05  time=6.4s
[Checkpoint] Saved (epoch=5, val_auc=0.9465) → results/finetune_zenodo/checkpoints/gauss_nopad/densenet169/best_e5.pt
  Epoch   6 | train_loss=0.1321  val_loss=0.3223 | val_acc=0.8547  val_auc=0.9486  val_f1=0.5903  val_mcc=0.5721 | lr=2.80e-05  time=6.3s
[Checkpoint] Saved (epoch=6, val_auc=0.9486) → results/finetune_zenodo/checkpoints/gauss_nopad/densenet169/best_e6.pt
  Epoch   7 | train_loss=0.1250  val_loss=0.3100 | val_acc=0.8609  val_auc=0.9510  val_f1=0.6079  val_mcc=0.5952 | lr=2.25e-05  time=6.4s
[Checkpoint] Saved (epoch=7, val_auc=0.9510) → results/finetune_zenodo/checkpoints/gauss_nopad/densenet169/best_e7.pt
  Epoch   8 | train_loss=0.1147  val_loss=0.3296 | val_acc=0.8516  val_auc=0.9487  val_f1=0.5957  val_mcc=0.5864 | lr=1.50e-05  time=6.3s
[Checkpoint] Saved (epoch=8, val_auc=0.9487) → results/finetune_zenodo/checkpoints/gauss_nopad/densenet169/best_e8.pt
  Epoch   9 | train_loss=0.1143  val_loss=0.3586 | val_acc=0.8703  val_auc=0.9478  val_f1=0.6210  val_mcc=0.6050 | lr=7.50e-06  time=6.3s
[Checkpoint] Saved (epoch=9, val_auc=0.9478) → results/finetune_zenodo/checkpoints/gauss_nopad/densenet169/best_e9.pt

[Trainer] Early stopping at epoch 9 (no improvement for 5 epochs)

[Trainer] Training complete in 59s
[Trainer] Best val AUC: 0.9563 at epoch 4
[Trainer] Saved curve artifacts to results/finetune_zenodo/checkpoints/gauss_nopad/densenet169
[Logger] Final metrics saved to results/finetune_zenodo/checkpoints/gauss_nopad/densenet169/final_metrics.json
[Logger] Training curves saved to results/finetune_zenodo/checkpoints/gauss_nopad/densenet169/training_curve.png

============================================================
[SweepFinetune] Run 9/18: efficientnet_b0 + srad_nopad
============================================================
[Logger] Run directory: results/finetune_zenodo/checkpoints/srad_nopad/efficientnet_b0 (resume=False)
[Builder] Frozen 0/211 parameters (0.0%)
[Builder] Total params: 4,369,406, Trainable: 4,369,406
[SweepFinetune] Loading Figshare weights from results/ablation_nopad/checkpoints/srad_nopad/efficientnet_b0/best.pt
[Checkpoint] Loaded from results/ablation_nopad/checkpoints/srad_nopad/efficientnet_b0/best.pt (epoch=35, val_auc=0.9944)
[Loss] Class weights: [0.5638766288757324, 4.413793087005615]

============================================================
Training for up to 15 epochs (patience=5, warmup=1)
============================================================

  Epoch   1 | train_loss=0.4756  val_loss=0.4822 | val_acc=0.7672  val_auc=0.9002  val_f1=0.4808  val_mcc=0.4692 | lr=3.00e-05  time=33.5s
[Checkpoint] Saved (epoch=1, val_auc=0.9002) → results/finetune_zenodo/checkpoints/srad_nopad/efficientnet_b0/best.pt
[Checkpoint] Saved (epoch=1, val_auc=0.9002) → results/finetune_zenodo/checkpoints/srad_nopad/efficientnet_b0/best_e1.pt
  Epoch   2 | train_loss=0.2181  val_loss=0.4627 | val_acc=0.7875  val_auc=0.9135  val_f1=0.5072  val_mcc=0.4993 | lr=3.00e-05  time=23.0s
[Checkpoint] Saved (epoch=2, val_auc=0.9135) → results/finetune_zenodo/checkpoints/srad_nopad/efficientnet_b0/best.pt
[Checkpoint] Saved (epoch=2, val_auc=0.9135) → results/finetune_zenodo/checkpoints/srad_nopad/efficientnet_b0/best_e2.pt
  Epoch   3 | train_loss=0.1948  val_loss=0.4278 | val_acc=0.7906  val_auc=0.9230  val_f1=0.5109  val_mcc=0.5030 | lr=2.25e-05  time=23.1s
[Checkpoint] Saved (epoch=3, val_auc=0.9230) → results/finetune_zenodo/checkpoints/srad_nopad/efficientnet_b0/best.pt
[Checkpoint] Saved (epoch=3, val_auc=0.9230) → results/finetune_zenodo/checkpoints/srad_nopad/efficientnet_b0/best_e3.pt
  Epoch   4 | train_loss=0.1754  val_loss=0.4162 | val_acc=0.8094  val_auc=0.9227  val_f1=0.5344  val_mcc=0.5263 | lr=7.50e-06  time=23.1s
[Checkpoint] Saved (epoch=4, val_auc=0.9227) → results/finetune_zenodo/checkpoints/srad_nopad/efficientnet_b0/best_e4.pt
  Epoch   5 | train_loss=0.1810  val_loss=0.4127 | val_acc=0.8141  val_auc=0.9345  val_f1=0.5441  val_mcc=0.5391 | lr=3.00e-05  time=23.1s
[Checkpoint] Saved (epoch=5, val_auc=0.9345) → results/finetune_zenodo/checkpoints/srad_nopad/efficientnet_b0/best.pt
[Checkpoint] Saved (epoch=5, val_auc=0.9345) → results/finetune_zenodo/checkpoints/srad_nopad/efficientnet_b0/best_e5.pt
  Epoch   6 | train_loss=0.1904  val_loss=0.3466 | val_acc=0.8391  val_auc=0.9330  val_f1=0.5796  val_mcc=0.5738 | lr=2.80e-05  time=23.1s
[Checkpoint] Saved (epoch=6, val_auc=0.9330) → results/finetune_zenodo/checkpoints/srad_nopad/efficientnet_b0/best_e6.pt
  Epoch   7 | train_loss=0.1761  val_loss=0.3512 | val_acc=0.8313  val_auc=0.9412  val_f1=0.5680  val_mcc=0.5626 | lr=2.25e-05  time=23.0s
[Checkpoint] Saved (epoch=7, val_auc=0.9412) → results/finetune_zenodo/checkpoints/srad_nopad/efficientnet_b0/best.pt
[Checkpoint] Saved (epoch=7, val_auc=0.9412) → results/finetune_zenodo/checkpoints/srad_nopad/efficientnet_b0/best_e7.pt
  Epoch   8 | train_loss=0.1453  val_loss=0.3754 | val_acc=0.8328  val_auc=0.9440  val_f1=0.5703  val_mcc=0.5648 | lr=1.50e-05  time=23.0s
[Checkpoint] Saved (epoch=8, val_auc=0.9440) → results/finetune_zenodo/checkpoints/srad_nopad/efficientnet_b0/best.pt
[Checkpoint] Saved (epoch=8, val_auc=0.9440) → results/finetune_zenodo/checkpoints/srad_nopad/efficientnet_b0/best_e8.pt
  Epoch   9 | train_loss=0.1451  val_loss=0.3429 | val_acc=0.8391  val_auc=0.9403  val_f1=0.5796  val_mcc=0.5738 | lr=7.50e-06  time=23.2s
[Checkpoint] Saved (epoch=9, val_auc=0.9403) → results/finetune_zenodo/checkpoints/srad_nopad/efficientnet_b0/best_e9.pt
  Epoch  10 | train_loss=0.1446  val_loss=0.3561 | val_acc=0.8328  val_auc=0.9462  val_f1=0.5703  val_mcc=0.5648 | lr=2.01e-06  time=23.1s
[Checkpoint] Saved (epoch=10, val_auc=0.9462) → results/finetune_zenodo/checkpoints/srad_nopad/efficientnet_b0/best.pt
[Checkpoint] Saved (epoch=10, val_auc=0.9462) → results/finetune_zenodo/checkpoints/srad_nopad/efficientnet_b0/best_e10.pt
  Epoch  11 | train_loss=0.1557  val_loss=0.3387 | val_acc=0.8391  val_auc=0.9378  val_f1=0.5796  val_mcc=0.5738 | lr=3.00e-05  time=23.2s
[Checkpoint] Saved (epoch=11, val_auc=0.9378) → results/finetune_zenodo/checkpoints/srad_nopad/efficientnet_b0/best_e11.pt
  Epoch  12 | train_loss=0.1463  val_loss=0.3677 | val_acc=0.8406  val_auc=0.9432  val_f1=0.5785  val_mcc=0.5696 | lr=2.95e-05  time=23.1s
[Checkpoint] Saved (epoch=12, val_auc=0.9432) → results/finetune_zenodo/checkpoints/srad_nopad/efficientnet_b0/best_e12.pt
  Epoch  13 | train_loss=0.1500  val_loss=0.3542 | val_acc=0.8422  val_auc=0.9464  val_f1=0.5844  val_mcc=0.5785 | lr=2.80e-05  time=23.1s
[Checkpoint] Saved (epoch=13, val_auc=0.9464) → results/finetune_zenodo/checkpoints/srad_nopad/efficientnet_b0/best.pt
[Checkpoint] Saved (epoch=13, val_auc=0.9464) → results/finetune_zenodo/checkpoints/srad_nopad/efficientnet_b0/best_e13.pt
  Epoch  14 | train_loss=0.1313  val_loss=0.3504 | val_acc=0.8438  val_auc=0.9407  val_f1=0.5868  val_mcc=0.5808 | lr=2.56e-05  time=23.1s
[Checkpoint] Saved (epoch=14, val_auc=0.9407) → results/finetune_zenodo/checkpoints/srad_nopad/efficientnet_b0/best_e14.pt
  Epoch  15 | train_loss=0.1398  val_loss=0.3477 | val_acc=0.8500  val_auc=0.9440  val_f1=0.5932  val_mcc=0.5839 | lr=2.25e-05  time=22.9s
[Checkpoint] Saved (epoch=15, val_auc=0.9440) → results/finetune_zenodo/checkpoints/srad_nopad/efficientnet_b0/best_e15.pt

[Trainer] Training complete in 358s
[Trainer] Best val AUC: 0.9464 at epoch 13
[Trainer] Saved curve artifacts to results/finetune_zenodo/checkpoints/srad_nopad/efficientnet_b0
[Logger] Final metrics saved to results/finetune_zenodo/checkpoints/srad_nopad/efficientnet_b0/final_metrics.json
[Logger] Training curves saved to results/finetune_zenodo/checkpoints/srad_nopad/efficientnet_b0/training_curve.png

============================================================
[SweepFinetune] Run 10/18: efficientnet_b0 + gauss_nopad
============================================================
[Logger] Run directory: results/finetune_zenodo/checkpoints/gauss_nopad/efficientnet_b0 (resume=False)
[Builder] Frozen 0/211 parameters (0.0%)
[Builder] Total params: 4,369,406, Trainable: 4,369,406
[SweepFinetune] Loading Figshare weights from results/ablation_nopad/checkpoints/gauss_nopad/efficientnet_b0/best.pt
[Checkpoint] Loaded from results/ablation_nopad/checkpoints/gauss_nopad/efficientnet_b0/best.pt (epoch=40, val_auc=0.9924)
[Loss] Class weights: [0.5638766288757324, 4.413793087005615]

============================================================
Training for up to 15 epochs (patience=5, warmup=1)
============================================================

  Epoch   1 | train_loss=0.4126  val_loss=0.4357 | val_acc=0.7547  val_auc=0.9044  val_f1=0.4714  val_mcc=0.4628 | lr=3.00e-05  time=3.7s
[Checkpoint] Saved (epoch=1, val_auc=0.9044) → results/finetune_zenodo/checkpoints/gauss_nopad/efficientnet_b0/best.pt
[Checkpoint] Saved (epoch=1, val_auc=0.9044) → results/finetune_zenodo/checkpoints/gauss_nopad/efficientnet_b0/best_e1.pt
  Epoch   2 | train_loss=0.2080  val_loss=0.4299 | val_acc=0.7781  val_auc=0.9145  val_f1=0.4965  val_mcc=0.4884 | lr=3.00e-05  time=3.6s
[Checkpoint] Saved (epoch=2, val_auc=0.9145) → results/finetune_zenodo/checkpoints/gauss_nopad/efficientnet_b0/best.pt
[Checkpoint] Saved (epoch=2, val_auc=0.9145) → results/finetune_zenodo/checkpoints/gauss_nopad/efficientnet_b0/best_e2.pt
  Epoch   3 | train_loss=0.1879  val_loss=0.3880 | val_acc=0.7828  val_auc=0.9310  val_f1=0.5018  val_mcc=0.4938 | lr=2.25e-05  time=3.7s
[Checkpoint] Saved (epoch=3, val_auc=0.9310) → results/finetune_zenodo/checkpoints/gauss_nopad/efficientnet_b0/best.pt
[Checkpoint] Saved (epoch=3, val_auc=0.9310) → results/finetune_zenodo/checkpoints/gauss_nopad/efficientnet_b0/best_e3.pt
  Epoch   4 | train_loss=0.1769  val_loss=0.3835 | val_acc=0.7969  val_auc=0.9260  val_f1=0.5185  val_mcc=0.5106 | lr=7.50e-06  time=3.7s
[Checkpoint] Saved (epoch=4, val_auc=0.9260) → results/finetune_zenodo/checkpoints/gauss_nopad/efficientnet_b0/best_e4.pt
  Epoch   5 | train_loss=0.1829  val_loss=0.3802 | val_acc=0.7891  val_auc=0.9398  val_f1=0.5126  val_mcc=0.5080 | lr=3.00e-05  time=3.8s
[Checkpoint] Saved (epoch=5, val_auc=0.9398) → results/finetune_zenodo/checkpoints/gauss_nopad/efficientnet_b0/best.pt
[Checkpoint] Saved (epoch=5, val_auc=0.9398) → results/finetune_zenodo/checkpoints/gauss_nopad/efficientnet_b0/best_e5.pt
  Epoch   6 | train_loss=0.1889  val_loss=0.3139 | val_acc=0.8344  val_auc=0.9397  val_f1=0.5726  val_mcc=0.5670 | lr=2.80e-05  time=3.8s
[Checkpoint] Saved (epoch=6, val_auc=0.9397) → results/finetune_zenodo/checkpoints/gauss_nopad/efficientnet_b0/best_e6.pt
  Epoch   7 | train_loss=0.1779  val_loss=0.3024 | val_acc=0.8250  val_auc=0.9454  val_f1=0.5591  val_mcc=0.5538 | lr=2.25e-05  time=3.8s
[Checkpoint] Saved (epoch=7, val_auc=0.9454) → results/finetune_zenodo/checkpoints/gauss_nopad/efficientnet_b0/best.pt
[Checkpoint] Saved (epoch=7, val_auc=0.9454) → results/finetune_zenodo/checkpoints/gauss_nopad/efficientnet_b0/best_e7.pt
  Epoch   8 | train_loss=0.1467  val_loss=0.3153 | val_acc=0.8250  val_auc=0.9476  val_f1=0.5591  val_mcc=0.5538 | lr=1.50e-05  time=3.7s
[Checkpoint] Saved (epoch=8, val_auc=0.9476) → results/finetune_zenodo/checkpoints/gauss_nopad/efficientnet_b0/best.pt
[Checkpoint] Saved (epoch=8, val_auc=0.9476) → results/finetune_zenodo/checkpoints/gauss_nopad/efficientnet_b0/best_e8.pt
  Epoch   9 | train_loss=0.1450  val_loss=0.2940 | val_acc=0.8438  val_auc=0.9454  val_f1=0.5868  val_mcc=0.5808 | lr=7.50e-06  time=3.7s
[Checkpoint] Saved (epoch=9, val_auc=0.9454) → results/finetune_zenodo/checkpoints/gauss_nopad/efficientnet_b0/best_e9.pt
  Epoch  10 | train_loss=0.1458  val_loss=0.2997 | val_acc=0.8297  val_auc=0.9471  val_f1=0.5657  val_mcc=0.5604 | lr=2.01e-06  time=3.8s
[Checkpoint] Saved (epoch=10, val_auc=0.9471) → results/finetune_zenodo/checkpoints/gauss_nopad/efficientnet_b0/best_e10.pt
  Epoch  11 | train_loss=0.1548  val_loss=0.2881 | val_acc=0.8469  val_auc=0.9409  val_f1=0.5917  val_mcc=0.5855 | lr=3.00e-05  time=3.7s
[Checkpoint] Saved (epoch=11, val_auc=0.9409) → results/finetune_zenodo/checkpoints/gauss_nopad/efficientnet_b0/best_e11.pt
  Epoch  12 | train_loss=0.1440  val_loss=0.2960 | val_acc=0.8562  val_auc=0.9482  val_f1=0.6068  val_mcc=0.6002 | lr=2.95e-05  time=3.7s
[Checkpoint] Saved (epoch=12, val_auc=0.9482) → results/finetune_zenodo/checkpoints/gauss_nopad/efficientnet_b0/best.pt
[Checkpoint] Saved (epoch=12, val_auc=0.9482) → results/finetune_zenodo/checkpoints/gauss_nopad/efficientnet_b0/best_e12.pt
  Epoch  13 | train_loss=0.1501  val_loss=0.2934 | val_acc=0.8391  val_auc=0.9487  val_f1=0.5796  val_mcc=0.5738 | lr=2.80e-05  time=3.7s
[Checkpoint] Saved (epoch=13, val_auc=0.9487) → results/finetune_zenodo/checkpoints/gauss_nopad/efficientnet_b0/best.pt
[Checkpoint] Saved (epoch=13, val_auc=0.9487) → results/finetune_zenodo/checkpoints/gauss_nopad/efficientnet_b0/best_e13.pt
  Epoch  14 | train_loss=0.1390  val_loss=0.2804 | val_acc=0.8516  val_auc=0.9472  val_f1=0.5992  val_mcc=0.5928 | lr=2.56e-05  time=3.6s
[Checkpoint] Saved (epoch=14, val_auc=0.9472) → results/finetune_zenodo/checkpoints/gauss_nopad/efficientnet_b0/best_e14.pt
  Epoch  15 | train_loss=0.1365  val_loss=0.2900 | val_acc=0.8641  val_auc=0.9477  val_f1=0.6201  val_mcc=0.6130 | lr=2.25e-05  time=3.7s
[Checkpoint] Saved (epoch=15, val_auc=0.9477) → results/finetune_zenodo/checkpoints/gauss_nopad/efficientnet_b0/best_e15.pt

[Trainer] Training complete in 57s
[Trainer] Best val AUC: 0.9487 at epoch 13
[Trainer] Saved curve artifacts to results/finetune_zenodo/checkpoints/gauss_nopad/efficientnet_b0
[Logger] Final metrics saved to results/finetune_zenodo/checkpoints/gauss_nopad/efficientnet_b0/final_metrics.json
[Logger] Training curves saved to results/finetune_zenodo/checkpoints/gauss_nopad/efficientnet_b0/training_curve.png

============================================================
[SweepFinetune] Run 11/18: convnext_tiny + srad_nopad
============================================================
[Logger] Run directory: results/finetune_zenodo/checkpoints/srad_nopad/convnext_tiny (resume=False)
[Builder] Frozen 0/180 parameters (0.0%)
[Builder] Total params: 28,050,914, Trainable: 28,050,914
[SweepFinetune] Loading Figshare weights from results/ablation_nopad/checkpoints/srad_nopad/convnext_tiny/best.pt
[Checkpoint] Loaded from results/ablation_nopad/checkpoints/srad_nopad/convnext_tiny/best.pt (epoch=4, val_auc=0.9981)
[Loss] Class weights: [0.5638766288757324, 4.413793087005615]

============================================================
Training for up to 15 epochs (patience=5, warmup=1)
============================================================

  Epoch   1 | train_loss=0.2310  val_loss=0.5373 | val_acc=0.7375  val_auc=0.9515  val_f1=0.4615  val_mcc=0.4596 | lr=3.00e-05  time=26.5s
[Checkpoint] Saved (epoch=1, val_auc=0.9515) → results/finetune_zenodo/checkpoints/srad_nopad/convnext_tiny/best.pt
[Checkpoint] Saved (epoch=1, val_auc=0.9515) → results/finetune_zenodo/checkpoints/srad_nopad/convnext_tiny/best_e1.pt
  Epoch   2 | train_loss=0.1809  val_loss=0.4357 | val_acc=0.8234  val_auc=0.9541  val_f1=0.5603  val_mcc=0.5584 | lr=3.00e-05  time=23.4s
[Checkpoint] Saved (epoch=2, val_auc=0.9541) → results/finetune_zenodo/checkpoints/srad_nopad/convnext_tiny/best.pt
[Checkpoint] Saved (epoch=2, val_auc=0.9541) → results/finetune_zenodo/checkpoints/srad_nopad/convnext_tiny/best_e2.pt
  Epoch   3 | train_loss=0.1658  val_loss=0.3896 | val_acc=0.8391  val_auc=0.9497  val_f1=0.5761  val_mcc=0.5673 | lr=2.25e-05  time=23.4s
[Checkpoint] Saved (epoch=3, val_auc=0.9497) → results/finetune_zenodo/checkpoints/srad_nopad/convnext_tiny/best_e3.pt
  Epoch   4 | train_loss=0.1319  val_loss=0.3605 | val_acc=0.8500  val_auc=0.9595  val_f1=0.5897  val_mcc=0.5775 | lr=7.50e-06  time=23.5s
[Checkpoint] Saved (epoch=4, val_auc=0.9595) → results/finetune_zenodo/checkpoints/srad_nopad/convnext_tiny/best.pt
[Checkpoint] Saved (epoch=4, val_auc=0.9595) → results/finetune_zenodo/checkpoints/srad_nopad/convnext_tiny/best_e4.pt
  Epoch   5 | train_loss=0.1493  val_loss=0.2989 | val_acc=0.8422  val_auc=0.9567  val_f1=0.5774  val_mcc=0.5654 | lr=3.00e-05  time=23.5s
[Checkpoint] Saved (epoch=5, val_auc=0.9567) → results/finetune_zenodo/checkpoints/srad_nopad/convnext_tiny/best_e5.pt
  Epoch   6 | train_loss=0.1318  val_loss=0.4020 | val_acc=0.8547  val_auc=0.9507  val_f1=0.6009  val_mcc=0.5913 | lr=2.80e-05  time=23.6s
[Checkpoint] Saved (epoch=6, val_auc=0.9507) → results/finetune_zenodo/checkpoints/srad_nopad/convnext_tiny/best_e6.pt
  Epoch   7 | train_loss=0.1427  val_loss=0.3511 | val_acc=0.8469  val_auc=0.9491  val_f1=0.5882  val_mcc=0.5791 | lr=2.25e-05  time=23.4s
[Checkpoint] Saved (epoch=7, val_auc=0.9491) → results/finetune_zenodo/checkpoints/srad_nopad/convnext_tiny/best_e7.pt
  Epoch   8 | train_loss=0.1193  val_loss=0.3466 | val_acc=0.8484  val_auc=0.9509  val_f1=0.5872  val_mcc=0.5750 | lr=1.50e-05  time=23.4s
[Checkpoint] Saved (epoch=8, val_auc=0.9509) → results/finetune_zenodo/checkpoints/srad_nopad/convnext_tiny/best_e8.pt
  Epoch   9 | train_loss=0.1065  val_loss=0.4422 | val_acc=0.8500  val_auc=0.9374  val_f1=0.5862  val_mcc=0.5710 | lr=7.50e-06  time=23.4s
[Checkpoint] Saved (epoch=9, val_auc=0.9374) → results/finetune_zenodo/checkpoints/srad_nopad/convnext_tiny/best_e9.pt

[Trainer] Early stopping at epoch 9 (no improvement for 5 epochs)

[Trainer] Training complete in 217s
[Trainer] Best val AUC: 0.9595 at epoch 4
[Trainer] Saved curve artifacts to results/finetune_zenodo/checkpoints/srad_nopad/convnext_tiny
[Logger] Final metrics saved to results/finetune_zenodo/checkpoints/srad_nopad/convnext_tiny/final_metrics.json
[Logger] Training curves saved to results/finetune_zenodo/checkpoints/srad_nopad/convnext_tiny/training_curve.png

============================================================
[SweepFinetune] Run 12/18: convnext_tiny + gauss_nopad
============================================================
[Logger] Run directory: results/finetune_zenodo/checkpoints/gauss_nopad/convnext_tiny (resume=False)
[Builder] Frozen 0/180 parameters (0.0%)
[Builder] Total params: 28,050,914, Trainable: 28,050,914
[SweepFinetune] Loading Figshare weights from results/ablation_nopad/checkpoints/gauss_nopad/convnext_tiny/best.pt
[Checkpoint] Loaded from results/ablation_nopad/checkpoints/gauss_nopad/convnext_tiny/best.pt (epoch=6, val_auc=0.9968)
[Loss] Class weights: [0.5638766288757324, 4.413793087005615]

============================================================
Training for up to 15 epochs (patience=5, warmup=1)
============================================================

  Epoch   1 | train_loss=0.2133  val_loss=0.3949 | val_acc=0.7750  val_auc=0.9571  val_f1=0.5000  val_mcc=0.4988 | lr=3.00e-05  time=5.3s
[Checkpoint] Saved (epoch=1, val_auc=0.9571) → results/finetune_zenodo/checkpoints/gauss_nopad/convnext_tiny/best.pt
[Checkpoint] Saved (epoch=1, val_auc=0.9571) → results/finetune_zenodo/checkpoints/gauss_nopad/convnext_tiny/best_e1.pt
  Epoch   2 | train_loss=0.1651  val_loss=0.3587 | val_acc=0.8516  val_auc=0.9705  val_f1=0.5992  val_mcc=0.5928 | lr=3.00e-05  time=5.3s
[Checkpoint] Saved (epoch=2, val_auc=0.9705) → results/finetune_zenodo/checkpoints/gauss_nopad/convnext_tiny/best.pt
[Checkpoint] Saved (epoch=2, val_auc=0.9705) → results/finetune_zenodo/checkpoints/gauss_nopad/convnext_tiny/best_e2.pt
  Epoch   3 | train_loss=0.1499  val_loss=0.3485 | val_acc=0.8453  val_auc=0.9566  val_f1=0.5858  val_mcc=0.5767 | lr=2.25e-05  time=5.3s
[Checkpoint] Saved (epoch=3, val_auc=0.9566) → results/finetune_zenodo/checkpoints/gauss_nopad/convnext_tiny/best_e3.pt
  Epoch   4 | train_loss=0.1359  val_loss=0.3414 | val_acc=0.8562  val_auc=0.9586  val_f1=0.5965  val_mcc=0.5811 | lr=7.50e-06  time=5.3s
[Checkpoint] Saved (epoch=4, val_auc=0.9586) → results/finetune_zenodo/checkpoints/gauss_nopad/convnext_tiny/best_e4.pt
  Epoch   5 | train_loss=0.1581  val_loss=0.2931 | val_acc=0.8562  val_auc=0.9447  val_f1=0.5965  val_mcc=0.5811 | lr=3.00e-05  time=5.3s
[Checkpoint] Saved (epoch=5, val_auc=0.9447) → results/finetune_zenodo/checkpoints/gauss_nopad/convnext_tiny/best_e5.pt
  Epoch   6 | train_loss=0.1315  val_loss=0.3998 | val_acc=0.8562  val_auc=0.9607  val_f1=0.5965  val_mcc=0.5811 | lr=2.80e-05  time=5.3s
[Checkpoint] Saved (epoch=6, val_auc=0.9607) → results/finetune_zenodo/checkpoints/gauss_nopad/convnext_tiny/best_e6.pt
  Epoch   7 | train_loss=0.1450  val_loss=0.3672 | val_acc=0.8562  val_auc=0.9528  val_f1=0.6000  val_mcc=0.5874 | lr=2.25e-05  time=5.3s
[Checkpoint] Saved (epoch=7, val_auc=0.9528) → results/finetune_zenodo/checkpoints/gauss_nopad/convnext_tiny/best_e7.pt

[Trainer] Early stopping at epoch 7 (no improvement for 5 epochs)

[Trainer] Training complete in 39s
[Trainer] Best val AUC: 0.9705 at epoch 2
[Trainer] Saved curve artifacts to results/finetune_zenodo/checkpoints/gauss_nopad/convnext_tiny
[Logger] Final metrics saved to results/finetune_zenodo/checkpoints/gauss_nopad/convnext_tiny/final_metrics.json
[Logger] Training curves saved to results/finetune_zenodo/checkpoints/gauss_nopad/convnext_tiny/training_curve.png

============================================================
[SweepFinetune] Run 13/18: mobilenetv3_large + srad_nopad
============================================================
[Logger] Run directory: results/finetune_zenodo/checkpoints/srad_nopad/mobilenetv3_large (resume=False)
[Builder] Frozen 0/172 parameters (0.0%)
[Builder] WARNING: backbone.num_features=960 but forward output is 1280 — using actual forward output.
[Builder] Total params: 4,563,890, Trainable: 4,563,890
[SweepFinetune] Loading Figshare weights from results/ablation_nopad/checkpoints/srad_nopad/mobilenetv3_large/best.pt
[Checkpoint] Loaded from results/ablation_nopad/checkpoints/srad_nopad/mobilenetv3_large/best.pt (epoch=45, val_auc=0.9972)
[Loss] Class weights: [0.5638766288757324, 4.413793087005615]

============================================================
Training for up to 15 epochs (patience=5, warmup=1)
============================================================

  Epoch   1 | train_loss=0.4089  val_loss=0.4001 | val_acc=0.7750  val_auc=0.9301  val_f1=0.4930  val_mcc=0.4849 | lr=3.00e-05  time=31.8s
[Checkpoint] Saved (epoch=1, val_auc=0.9301) → results/finetune_zenodo/checkpoints/srad_nopad/mobilenetv3_large/best.pt
[Checkpoint] Saved (epoch=1, val_auc=0.9301) → results/finetune_zenodo/checkpoints/srad_nopad/mobilenetv3_large/best_e1.pt
  Epoch   2 | train_loss=0.2498  val_loss=0.3822 | val_acc=0.7781  val_auc=0.9396  val_f1=0.4965  val_mcc=0.4884 | lr=3.00e-05  time=23.1s
[Checkpoint] Saved (epoch=2, val_auc=0.9396) → results/finetune_zenodo/checkpoints/srad_nopad/mobilenetv3_large/best.pt
[Checkpoint] Saved (epoch=2, val_auc=0.9396) → results/finetune_zenodo/checkpoints/srad_nopad/mobilenetv3_large/best_e2.pt
  Epoch   3 | train_loss=0.1902  val_loss=0.3777 | val_acc=0.7984  val_auc=0.9353  val_f1=0.5240  val_mcc=0.5193 | lr=2.25e-05  time=23.0s
[Checkpoint] Saved (epoch=3, val_auc=0.9353) → results/finetune_zenodo/checkpoints/srad_nopad/mobilenetv3_large/best_e3.pt
  Epoch   4 | train_loss=0.1855  val_loss=0.3541 | val_acc=0.7969  val_auc=0.9452  val_f1=0.5221  val_mcc=0.5174 | lr=7.50e-06  time=23.2s
[Checkpoint] Saved (epoch=4, val_auc=0.9452) → results/finetune_zenodo/checkpoints/srad_nopad/mobilenetv3_large/best.pt
[Checkpoint] Saved (epoch=4, val_auc=0.9452) → results/finetune_zenodo/checkpoints/srad_nopad/mobilenetv3_large/best_e4.pt
  Epoch   5 | train_loss=0.1818  val_loss=0.3724 | val_acc=0.7922  val_auc=0.9389  val_f1=0.5199  val_mcc=0.5186 | lr=3.00e-05  time=23.1s
[Checkpoint] Saved (epoch=5, val_auc=0.9389) → results/finetune_zenodo/checkpoints/srad_nopad/mobilenetv3_large/best_e5.pt
  Epoch   6 | train_loss=0.1679  val_loss=0.3586 | val_acc=0.7984  val_auc=0.9520  val_f1=0.5275  val_mcc=0.5262 | lr=2.80e-05  time=23.1s
[Checkpoint] Saved (epoch=6, val_auc=0.9520) → results/finetune_zenodo/checkpoints/srad_nopad/mobilenetv3_large/best.pt
[Checkpoint] Saved (epoch=6, val_auc=0.9520) → results/finetune_zenodo/checkpoints/srad_nopad/mobilenetv3_large/best_e6.pt
  Epoch   7 | train_loss=0.1742  val_loss=0.3371 | val_acc=0.8109  val_auc=0.9468  val_f1=0.5399  val_mcc=0.5351 | lr=2.25e-05  time=23.0s
[Checkpoint] Saved (epoch=7, val_auc=0.9468) → results/finetune_zenodo/checkpoints/srad_nopad/mobilenetv3_large/best_e7.pt
  Epoch   8 | train_loss=0.1517  val_loss=0.3475 | val_acc=0.8141  val_auc=0.9481  val_f1=0.5475  val_mcc=0.5459 | lr=1.50e-05  time=23.1s
[Checkpoint] Saved (epoch=8, val_auc=0.9481) → results/finetune_zenodo/checkpoints/srad_nopad/mobilenetv3_large/best_e8.pt
  Epoch   9 | train_loss=0.1529  val_loss=0.3244 | val_acc=0.8156  val_auc=0.9485  val_f1=0.5496  val_mcc=0.5479 | lr=7.50e-06  time=23.0s
[Checkpoint] Saved (epoch=9, val_auc=0.9485) → results/finetune_zenodo/checkpoints/srad_nopad/mobilenetv3_large/best_e9.pt
  Epoch  10 | train_loss=0.1481  val_loss=0.3311 | val_acc=0.8172  val_auc=0.9512  val_f1=0.5517  val_mcc=0.5500 | lr=2.01e-06  time=23.1s
[Checkpoint] Saved (epoch=10, val_auc=0.9512) → results/finetune_zenodo/checkpoints/srad_nopad/mobilenetv3_large/best_e10.pt
  Epoch  11 | train_loss=0.1386  val_loss=0.3362 | val_acc=0.8234  val_auc=0.9534  val_f1=0.5603  val_mcc=0.5584 | lr=3.00e-05  time=23.0s
[Checkpoint] Saved (epoch=11, val_auc=0.9534) → results/finetune_zenodo/checkpoints/srad_nopad/mobilenetv3_large/best.pt
[Checkpoint] Saved (epoch=11, val_auc=0.9534) → results/finetune_zenodo/checkpoints/srad_nopad/mobilenetv3_large/best_e11.pt
  Epoch  12 | train_loss=0.1380  val_loss=0.3347 | val_acc=0.8344  val_auc=0.9528  val_f1=0.5691  val_mcc=0.5604 | lr=2.95e-05  time=23.0s
[Checkpoint] Saved (epoch=12, val_auc=0.9528) → results/finetune_zenodo/checkpoints/srad_nopad/mobilenetv3_large/best_e12.pt
  Epoch  13 | train_loss=0.1604  val_loss=0.3090 | val_acc=0.8328  val_auc=0.9509  val_f1=0.5703  val_mcc=0.5648 | lr=2.80e-05  time=23.0s
[Checkpoint] Saved (epoch=13, val_auc=0.9509) → results/finetune_zenodo/checkpoints/srad_nopad/mobilenetv3_large/best_e13.pt
  Epoch  14 | train_loss=0.1255  val_loss=0.3491 | val_acc=0.8250  val_auc=0.9487  val_f1=0.5591  val_mcc=0.5538 | lr=2.56e-05  time=23.0s
[Checkpoint] Saved (epoch=14, val_auc=0.9487) → results/finetune_zenodo/checkpoints/srad_nopad/mobilenetv3_large/best_e14.pt
  Epoch  15 | train_loss=0.1327  val_loss=0.3300 | val_acc=0.8328  val_auc=0.9515  val_f1=0.5703  val_mcc=0.5648 | lr=2.25e-05  time=23.1s
[Checkpoint] Saved (epoch=15, val_auc=0.9515) → results/finetune_zenodo/checkpoints/srad_nopad/mobilenetv3_large/best_e15.pt

[Trainer] Training complete in 356s
[Trainer] Best val AUC: 0.9534 at epoch 11
[Trainer] Saved curve artifacts to results/finetune_zenodo/checkpoints/srad_nopad/mobilenetv3_large
[Logger] Final metrics saved to results/finetune_zenodo/checkpoints/srad_nopad/mobilenetv3_large/final_metrics.json
[Logger] Training curves saved to results/finetune_zenodo/checkpoints/srad_nopad/mobilenetv3_large/training_curve.png

============================================================
[SweepFinetune] Run 14/18: mobilenetv3_large + gauss_nopad
============================================================
[Logger] Run directory: results/finetune_zenodo/checkpoints/gauss_nopad/mobilenetv3_large (resume=False)
[Builder] Frozen 0/172 parameters (0.0%)
[Builder] WARNING: backbone.num_features=960 but forward output is 1280 — using actual forward output.
[Builder] Total params: 4,563,890, Trainable: 4,563,890
[SweepFinetune] Loading Figshare weights from results/ablation_nopad/checkpoints/gauss_nopad/mobilenetv3_large/best.pt
[Checkpoint] Loaded from results/ablation_nopad/checkpoints/gauss_nopad/mobilenetv3_large/best.pt (epoch=58, val_auc=0.9979)
[Loss] Class weights: [0.5638766288757324, 4.413793087005615]

============================================================
Training for up to 15 epochs (patience=5, warmup=1)
============================================================

  Epoch   1 | train_loss=0.4100  val_loss=0.4198 | val_acc=0.7875  val_auc=0.9083  val_f1=0.5000  val_mcc=0.4854 | lr=3.00e-05  time=3.1s
[Checkpoint] Saved (epoch=1, val_auc=0.9083) → results/finetune_zenodo/checkpoints/gauss_nopad/mobilenetv3_large/best.pt
[Checkpoint] Saved (epoch=1, val_auc=0.9083) → results/finetune_zenodo/checkpoints/gauss_nopad/mobilenetv3_large/best_e1.pt
  Epoch   2 | train_loss=0.2531  val_loss=0.3942 | val_acc=0.7828  val_auc=0.9168  val_f1=0.4982  val_mcc=0.4868 | lr=3.00e-05  time=3.0s
[Checkpoint] Saved (epoch=2, val_auc=0.9168) → results/finetune_zenodo/checkpoints/gauss_nopad/mobilenetv3_large/best.pt
[Checkpoint] Saved (epoch=2, val_auc=0.9168) → results/finetune_zenodo/checkpoints/gauss_nopad/mobilenetv3_large/best_e2.pt
  Epoch   3 | train_loss=0.1945  val_loss=0.3953 | val_acc=0.8047  val_auc=0.9172  val_f1=0.5247  val_mcc=0.5135 | lr=2.25e-05  time=3.1s
[Checkpoint] Saved (epoch=3, val_auc=0.9172) → results/finetune_zenodo/checkpoints/gauss_nopad/mobilenetv3_large/best.pt
[Checkpoint] Saved (epoch=3, val_auc=0.9172) → results/finetune_zenodo/checkpoints/gauss_nopad/mobilenetv3_large/best_e3.pt
  Epoch   4 | train_loss=0.1869  val_loss=0.3616 | val_acc=0.8016  val_auc=0.9240  val_f1=0.5208  val_mcc=0.5095 | lr=7.50e-06  time=3.1s
[Checkpoint] Saved (epoch=4, val_auc=0.9240) → results/finetune_zenodo/checkpoints/gauss_nopad/mobilenetv3_large/best.pt
[Checkpoint] Saved (epoch=4, val_auc=0.9240) → results/finetune_zenodo/checkpoints/gauss_nopad/mobilenetv3_large/best_e4.pt
  Epoch   5 | train_loss=0.1816  val_loss=0.3646 | val_acc=0.8031  val_auc=0.9195  val_f1=0.5263  val_mcc=0.5183 | lr=3.00e-05  time=3.1s
[Checkpoint] Saved (epoch=5, val_auc=0.9195) → results/finetune_zenodo/checkpoints/gauss_nopad/mobilenetv3_large/best_e5.pt
  Epoch   6 | train_loss=0.1728  val_loss=0.3565 | val_acc=0.8109  val_auc=0.9351  val_f1=0.5434  val_mcc=0.5418 | lr=2.80e-05  time=3.1s
[Checkpoint] Saved (epoch=6, val_auc=0.9351) → results/finetune_zenodo/checkpoints/gauss_nopad/mobilenetv3_large/best.pt
[Checkpoint] Saved (epoch=6, val_auc=0.9351) → results/finetune_zenodo/checkpoints/gauss_nopad/mobilenetv3_large/best_e6.pt
  Epoch   7 | train_loss=0.1758  val_loss=0.3342 | val_acc=0.8250  val_auc=0.9308  val_f1=0.5556  val_mcc=0.5472 | lr=2.25e-05  time=3.1s
[Checkpoint] Saved (epoch=7, val_auc=0.9308) → results/finetune_zenodo/checkpoints/gauss_nopad/mobilenetv3_large/best_e7.pt
  Epoch   8 | train_loss=0.1475  val_loss=0.3441 | val_acc=0.8234  val_auc=0.9321  val_f1=0.5569  val_mcc=0.5517 | lr=1.50e-05  time=3.1s
[Checkpoint] Saved (epoch=8, val_auc=0.9321) → results/finetune_zenodo/checkpoints/gauss_nopad/mobilenetv3_large/best_e8.pt
  Epoch   9 | train_loss=0.1543  val_loss=0.3339 | val_acc=0.8297  val_auc=0.9303  val_f1=0.5587  val_mcc=0.5471 | lr=7.50e-06  time=3.1s
[Checkpoint] Saved (epoch=9, val_auc=0.9303) → results/finetune_zenodo/checkpoints/gauss_nopad/mobilenetv3_large/best_e9.pt
  Epoch  10 | train_loss=0.1494  val_loss=0.3353 | val_acc=0.8297  val_auc=0.9363  val_f1=0.5587  val_mcc=0.5471 | lr=2.01e-06  time=3.1s
[Checkpoint] Saved (epoch=10, val_auc=0.9363) → results/finetune_zenodo/checkpoints/gauss_nopad/mobilenetv3_large/best.pt
[Checkpoint] Saved (epoch=10, val_auc=0.9363) → results/finetune_zenodo/checkpoints/gauss_nopad/mobilenetv3_large/best_e10.pt
  Epoch  11 | train_loss=0.1386  val_loss=0.3200 | val_acc=0.8375  val_auc=0.9395  val_f1=0.5772  val_mcc=0.5715 | lr=3.00e-05  time=3.1s
[Checkpoint] Saved (epoch=11, val_auc=0.9395) → results/finetune_zenodo/checkpoints/gauss_nopad/mobilenetv3_large/best.pt
[Checkpoint] Saved (epoch=11, val_auc=0.9395) → results/finetune_zenodo/checkpoints/gauss_nopad/mobilenetv3_large/best_e11.pt
  Epoch  12 | train_loss=0.1372  val_loss=0.3314 | val_acc=0.8375  val_auc=0.9432  val_f1=0.5738  val_mcc=0.5650 | lr=2.95e-05  time=3.1s
[Checkpoint] Saved (epoch=12, val_auc=0.9432) → results/finetune_zenodo/checkpoints/gauss_nopad/mobilenetv3_large/best.pt
[Checkpoint] Saved (epoch=12, val_auc=0.9432) → results/finetune_zenodo/checkpoints/gauss_nopad/mobilenetv3_large/best_e12.pt
  Epoch  13 | train_loss=0.1592  val_loss=0.2996 | val_acc=0.8359  val_auc=0.9426  val_f1=0.5679  val_mcc=0.5561 | lr=2.80e-05  time=3.1s
[Checkpoint] Saved (epoch=13, val_auc=0.9426) → results/finetune_zenodo/checkpoints/gauss_nopad/mobilenetv3_large/best_e13.pt
  Epoch  14 | train_loss=0.1263  val_loss=0.3435 | val_acc=0.8375  val_auc=0.9395  val_f1=0.5738  val_mcc=0.5650 | lr=2.56e-05  time=3.0s
[Checkpoint] Saved (epoch=14, val_auc=0.9395) → results/finetune_zenodo/checkpoints/gauss_nopad/mobilenetv3_large/best_e14.pt
  Epoch  15 | train_loss=0.1388  val_loss=0.3130 | val_acc=0.8453  val_auc=0.9437  val_f1=0.5858  val_mcc=0.5767 | lr=2.25e-05  time=3.1s
[Checkpoint] Saved (epoch=15, val_auc=0.9437) → results/finetune_zenodo/checkpoints/gauss_nopad/mobilenetv3_large/best.pt
[Checkpoint] Saved (epoch=15, val_auc=0.9437) → results/finetune_zenodo/checkpoints/gauss_nopad/mobilenetv3_large/best_e15.pt

[Trainer] Training complete in 48s
[Trainer] Best val AUC: 0.9437 at epoch 15
[Trainer] Saved curve artifacts to results/finetune_zenodo/checkpoints/gauss_nopad/mobilenetv3_large
[Logger] Final metrics saved to results/finetune_zenodo/checkpoints/gauss_nopad/mobilenetv3_large/final_metrics.json
[Logger] Training curves saved to results/finetune_zenodo/checkpoints/gauss_nopad/mobilenetv3_large/training_curve.png

============================================================
[SweepFinetune] Run 15/18: vit_base + srad_nopad
============================================================
[Logger] Run directory: results/finetune_zenodo/checkpoints/srad_nopad/vit_base (resume=False)
[Builder] Frozen 0/150 parameters (0.0%)
[Builder] Total params: 86,029,442, Trainable: 86,029,442
[SweepFinetune] Loading Figshare weights from results/ablation_nopad/checkpoints/srad_nopad/vit_base/best.pt
[Checkpoint] Loaded from results/ablation_nopad/checkpoints/srad_nopad/vit_base/best.pt (epoch=30, val_auc=0.9986)
[Loss] Class weights: [0.5638766288757324, 4.413793087005615]

============================================================
Training for up to 15 epochs (patience=5, warmup=1)
============================================================

  Epoch   1 | train_loss=0.2290  val_loss=0.3318 | val_acc=0.8063  val_auc=0.9511  val_f1=0.5373  val_mcc=0.5359 | lr=3.00e-05  time=23.5s
[Checkpoint] Saved (epoch=1, val_auc=0.9511) → results/finetune_zenodo/checkpoints/srad_nopad/vit_base/best.pt
[Checkpoint] Saved (epoch=1, val_auc=0.9511) → results/finetune_zenodo/checkpoints/srad_nopad/vit_base/best_e1.pt
  Epoch   2 | train_loss=0.1711  val_loss=0.3464 | val_acc=0.8078  val_auc=0.9542  val_f1=0.5393  val_mcc=0.5378 | lr=3.00e-05  time=23.7s
[Checkpoint] Saved (epoch=2, val_auc=0.9542) → results/finetune_zenodo/checkpoints/srad_nopad/vit_base/best.pt
[Checkpoint] Saved (epoch=2, val_auc=0.9542) → results/finetune_zenodo/checkpoints/srad_nopad/vit_base/best_e2.pt
  Epoch   3 | train_loss=0.1579  val_loss=0.4015 | val_acc=0.8219  val_auc=0.9572  val_f1=0.5547  val_mcc=0.5496 | lr=2.25e-05  time=24.1s
[Checkpoint] Saved (epoch=3, val_auc=0.9572) → results/finetune_zenodo/checkpoints/srad_nopad/vit_base/best.pt
[Checkpoint] Saved (epoch=3, val_auc=0.9572) → results/finetune_zenodo/checkpoints/srad_nopad/vit_base/best_e3.pt
  Epoch   4 | train_loss=0.1429  val_loss=0.3780 | val_acc=0.8500  val_auc=0.9463  val_f1=0.5862  val_mcc=0.5710 | lr=7.50e-06  time=23.8s
[Checkpoint] Saved (epoch=4, val_auc=0.9463) → results/finetune_zenodo/checkpoints/srad_nopad/vit_base/best_e4.pt
  Epoch   5 | train_loss=0.1356  val_loss=0.4366 | val_acc=0.8656  val_auc=0.9520  val_f1=0.6091  val_mcc=0.5905 | lr=3.00e-05  time=23.7s
[Checkpoint] Saved (epoch=5, val_auc=0.9520) → results/finetune_zenodo/checkpoints/srad_nopad/vit_base/best_e5.pt
  Epoch   6 | train_loss=0.1306  val_loss=0.3920 | val_acc=0.8500  val_auc=0.9543  val_f1=0.5897  val_mcc=0.5775 | lr=2.80e-05  time=23.8s
[Checkpoint] Saved (epoch=6, val_auc=0.9543) → results/finetune_zenodo/checkpoints/srad_nopad/vit_base/best_e6.pt
  Epoch   7 | train_loss=0.1252  val_loss=0.3261 | val_acc=0.8422  val_auc=0.9655  val_f1=0.5844  val_mcc=0.5785 | lr=2.25e-05  time=24.0s
[Checkpoint] Saved (epoch=7, val_auc=0.9655) → results/finetune_zenodo/checkpoints/srad_nopad/vit_base/best.pt
[Checkpoint] Saved (epoch=7, val_auc=0.9655) → results/finetune_zenodo/checkpoints/srad_nopad/vit_base/best_e7.pt
  Epoch   8 | train_loss=0.1211  val_loss=0.3665 | val_acc=0.8531  val_auc=0.9635  val_f1=0.5948  val_mcc=0.5824 | lr=1.50e-05  time=24.0s
[Checkpoint] Saved (epoch=8, val_auc=0.9635) → results/finetune_zenodo/checkpoints/srad_nopad/vit_base/best_e8.pt
  Epoch   9 | train_loss=0.1068  val_loss=0.3848 | val_acc=0.8750  val_auc=0.9612  val_f1=0.6226  val_mcc=0.6011 | lr=7.50e-06  time=23.9s
[Checkpoint] Saved (epoch=9, val_auc=0.9612) → results/finetune_zenodo/checkpoints/srad_nopad/vit_base/best_e9.pt
  Epoch  10 | train_loss=0.0945  val_loss=0.4003 | val_acc=0.8641  val_auc=0.9572  val_f1=0.6063  val_mcc=0.5878 | lr=2.01e-06  time=24.3s
[Checkpoint] Saved (epoch=10, val_auc=0.9572) → results/finetune_zenodo/checkpoints/srad_nopad/vit_base/best_e10.pt
  Epoch  11 | train_loss=0.1448  val_loss=0.3383 | val_acc=0.8469  val_auc=0.9494  val_f1=0.5882  val_mcc=0.5791 | lr=3.00e-05  time=23.9s
[Checkpoint] Saved (epoch=11, val_auc=0.9494) → results/finetune_zenodo/checkpoints/srad_nopad/vit_base/best_e11.pt
  Epoch  12 | train_loss=0.1446  val_loss=0.3489 | val_acc=0.8359  val_auc=0.9638  val_f1=0.5749  val_mcc=0.5693 | lr=2.95e-05  time=23.9s
[Checkpoint] Saved (epoch=12, val_auc=0.9638) → results/finetune_zenodo/checkpoints/srad_nopad/vit_base/best_e12.pt

[Trainer] Early stopping at epoch 12 (no improvement for 5 epochs)

[Trainer] Training complete in 297s
[Trainer] Best val AUC: 0.9655 at epoch 7
[Trainer] Saved curve artifacts to results/finetune_zenodo/checkpoints/srad_nopad/vit_base
[Logger] Final metrics saved to results/finetune_zenodo/checkpoints/srad_nopad/vit_base/final_metrics.json
[Logger] Training curves saved to results/finetune_zenodo/checkpoints/srad_nopad/vit_base/training_curve.png

============================================================
[SweepFinetune] Run 16/18: vit_base + gauss_nopad
============================================================
[Logger] Run directory: results/finetune_zenodo/checkpoints/gauss_nopad/vit_base (resume=False)
[Builder] Frozen 0/150 parameters (0.0%)
[Builder] Total params: 86,029,442, Trainable: 86,029,442
[SweepFinetune] Loading Figshare weights from results/ablation_nopad/checkpoints/gauss_nopad/vit_base/best.pt
[Checkpoint] Loaded from results/ablation_nopad/checkpoints/gauss_nopad/vit_base/best.pt (epoch=17, val_auc=0.9985)
[Loss] Class weights: [0.5638766288757324, 4.413793087005615]

============================================================
Training for up to 15 epochs (patience=5, warmup=1)
============================================================

  Epoch   1 | train_loss=0.2225  val_loss=0.5558 | val_acc=0.7203  val_auc=0.9570  val_f1=0.4458  val_mcc=0.4432 | lr=3.00e-05  time=9.2s
[Checkpoint] Saved (epoch=1, val_auc=0.9570) → results/finetune_zenodo/checkpoints/gauss_nopad/vit_base/best.pt
[Checkpoint] Saved (epoch=1, val_auc=0.9570) → results/finetune_zenodo/checkpoints/gauss_nopad/vit_base/best_e1.pt
  Epoch   2 | train_loss=0.1813  val_loss=0.3515 | val_acc=0.8203  val_auc=0.9607  val_f1=0.5525  val_mcc=0.5474 | lr=3.00e-05  time=9.2s
[Checkpoint] Saved (epoch=2, val_auc=0.9607) → results/finetune_zenodo/checkpoints/gauss_nopad/vit_base/best.pt
[Checkpoint] Saved (epoch=2, val_auc=0.9607) → results/finetune_zenodo/checkpoints/gauss_nopad/vit_base/best_e2.pt
  Epoch   3 | train_loss=0.1555  val_loss=0.3335 | val_acc=0.8531  val_auc=0.9623  val_f1=0.5983  val_mcc=0.5888 | lr=2.25e-05  time=9.3s
[Checkpoint] Saved (epoch=3, val_auc=0.9623) → results/finetune_zenodo/checkpoints/gauss_nopad/vit_base/best.pt
[Checkpoint] Saved (epoch=3, val_auc=0.9623) → results/finetune_zenodo/checkpoints/gauss_nopad/vit_base/best_e3.pt
  Epoch   4 | train_loss=0.1427  val_loss=0.3258 | val_acc=0.8391  val_auc=0.9643  val_f1=0.5761  val_mcc=0.5673 | lr=7.50e-06  time=9.3s
[Checkpoint] Saved (epoch=4, val_auc=0.9643) → results/finetune_zenodo/checkpoints/gauss_nopad/vit_base/best.pt
[Checkpoint] Saved (epoch=4, val_auc=0.9643) → results/finetune_zenodo/checkpoints/gauss_nopad/vit_base/best_e4.pt
  Epoch   5 | train_loss=0.1425  val_loss=0.3123 | val_acc=0.8594  val_auc=0.9572  val_f1=0.6053  val_mcc=0.5926 | lr=3.00e-05  time=9.3s
[Checkpoint] Saved (epoch=5, val_auc=0.9572) → results/finetune_zenodo/checkpoints/gauss_nopad/vit_base/best_e5.pt
  Epoch   6 | train_loss=0.1313  val_loss=0.4062 | val_acc=0.8078  val_auc=0.9601  val_f1=0.5393  val_mcc=0.5378 | lr=2.80e-05  time=9.3s
[Checkpoint] Saved (epoch=6, val_auc=0.9601) → results/finetune_zenodo/checkpoints/gauss_nopad/vit_base/best_e6.pt
  Epoch   7 | train_loss=0.1258  val_loss=0.3362 | val_acc=0.8516  val_auc=0.9641  val_f1=0.5923  val_mcc=0.5799 | lr=2.25e-05  time=9.3s
[Checkpoint] Saved (epoch=7, val_auc=0.9641) → results/finetune_zenodo/checkpoints/gauss_nopad/vit_base/best_e7.pt
  Epoch   8 | train_loss=0.1295  val_loss=0.3239 | val_acc=0.8547  val_auc=0.9568  val_f1=0.5974  val_mcc=0.5849 | lr=1.50e-05  time=9.3s
[Checkpoint] Saved (epoch=8, val_auc=0.9568) → results/finetune_zenodo/checkpoints/gauss_nopad/vit_base/best_e8.pt
  Epoch   9 | train_loss=0.1057  val_loss=0.3468 | val_acc=0.8609  val_auc=0.9630  val_f1=0.6044  val_mcc=0.5888 | lr=7.50e-06  time=9.3s
[Checkpoint] Saved (epoch=9, val_auc=0.9630) → results/finetune_zenodo/checkpoints/gauss_nopad/vit_base/best_e9.pt

[Trainer] Early stopping at epoch 9 (no improvement for 5 epochs)

[Trainer] Training complete in 92s
[Trainer] Best val AUC: 0.9643 at epoch 4
[Trainer] Saved curve artifacts to results/finetune_zenodo/checkpoints/gauss_nopad/vit_base
[Logger] Final metrics saved to results/finetune_zenodo/checkpoints/gauss_nopad/vit_base/final_metrics.json
[Logger] Training curves saved to results/finetune_zenodo/checkpoints/gauss_nopad/vit_base/training_curve.png

============================================================
[SweepFinetune] Run 17/18: swin_tiny + srad_nopad
============================================================
[Logger] Run directory: results/finetune_zenodo/checkpoints/srad_nopad/swin_tiny (resume=False)
[Builder] Frozen 0/171 parameters (0.0%)
[Builder] Total params: 27,750,140, Trainable: 27,750,140
[SweepFinetune] Loading Figshare weights from results/ablation_nopad/checkpoints/srad_nopad/swin_tiny/best.pt
[Checkpoint] Loaded from results/ablation_nopad/checkpoints/srad_nopad/swin_tiny/best.pt (epoch=7, val_auc=0.9983)
[Loss] Class weights: [0.5638766288757324, 4.413793087005615]

============================================================
Training for up to 15 epochs (patience=5, warmup=1)
============================================================

  Epoch   1 | train_loss=0.2902  val_loss=0.4636 | val_acc=0.8109  val_auc=0.9265  val_f1=0.5328  val_mcc=0.5215 | lr=3.00e-05  time=23.9s
[Checkpoint] Saved (epoch=1, val_auc=0.9265) → results/finetune_zenodo/checkpoints/srad_nopad/swin_tiny/best.pt
[Checkpoint] Saved (epoch=1, val_auc=0.9265) → results/finetune_zenodo/checkpoints/srad_nopad/swin_tiny/best_e1.pt
  Epoch   2 | train_loss=0.2043  val_loss=0.2974 | val_acc=0.8625  val_auc=0.9426  val_f1=0.6106  val_mcc=0.5978 | lr=3.00e-05  time=24.1s
[Checkpoint] Saved (epoch=2, val_auc=0.9426) → results/finetune_zenodo/checkpoints/srad_nopad/swin_tiny/best.pt
[Checkpoint] Saved (epoch=2, val_auc=0.9426) → results/finetune_zenodo/checkpoints/srad_nopad/swin_tiny/best_e2.pt
  Epoch   3 | train_loss=0.1904  val_loss=0.3639 | val_acc=0.8109  val_auc=0.9608  val_f1=0.5434  val_mcc=0.5418 | lr=2.25e-05  time=24.2s
[Checkpoint] Saved (epoch=3, val_auc=0.9608) → results/finetune_zenodo/checkpoints/srad_nopad/swin_tiny/best.pt
[Checkpoint] Saved (epoch=3, val_auc=0.9608) → results/finetune_zenodo/checkpoints/srad_nopad/swin_tiny/best_e3.pt
  Epoch   4 | train_loss=0.1562  val_loss=0.3494 | val_acc=0.8313  val_auc=0.9590  val_f1=0.5680  val_mcc=0.5626 | lr=7.50e-06  time=24.1s
[Checkpoint] Saved (epoch=4, val_auc=0.9590) → results/finetune_zenodo/checkpoints/srad_nopad/swin_tiny/best_e4.pt
  Epoch   5 | train_loss=0.1562  val_loss=0.3403 | val_acc=0.8359  val_auc=0.9421  val_f1=0.5783  val_mcc=0.5758 | lr=3.00e-05  time=24.1s
[Checkpoint] Saved (epoch=5, val_auc=0.9421) → results/finetune_zenodo/checkpoints/srad_nopad/swin_tiny/best_e5.pt
  Epoch   6 | train_loss=0.1696  val_loss=0.3557 | val_acc=0.8516  val_auc=0.9504  val_f1=0.5957  val_mcc=0.5864 | lr=2.80e-05  time=24.1s
[Checkpoint] Saved (epoch=6, val_auc=0.9504) → results/finetune_zenodo/checkpoints/srad_nopad/swin_tiny/best_e6.pt
  Epoch   7 | train_loss=0.1489  val_loss=0.3538 | val_acc=0.8328  val_auc=0.9528  val_f1=0.5668  val_mcc=0.5582 | lr=2.25e-05  time=24.0s
[Checkpoint] Saved (epoch=7, val_auc=0.9528) → results/finetune_zenodo/checkpoints/srad_nopad/swin_tiny/best_e7.pt
  Epoch   8 | train_loss=0.1500  val_loss=0.3221 | val_acc=0.8469  val_auc=0.9585  val_f1=0.5882  val_mcc=0.5791 | lr=1.50e-05  time=24.2s
[Checkpoint] Saved (epoch=8, val_auc=0.9585) → results/finetune_zenodo/checkpoints/srad_nopad/swin_tiny/best_e8.pt

[Trainer] Early stopping at epoch 8 (no improvement for 5 epochs)

[Trainer] Training complete in 195s
[Trainer] Best val AUC: 0.9608 at epoch 3
[Trainer] Saved curve artifacts to results/finetune_zenodo/checkpoints/srad_nopad/swin_tiny
[Logger] Final metrics saved to results/finetune_zenodo/checkpoints/srad_nopad/swin_tiny/final_metrics.json
[Logger] Training curves saved to results/finetune_zenodo/checkpoints/srad_nopad/swin_tiny/training_curve.png

============================================================
[SweepFinetune] Run 18/18: swin_tiny + gauss_nopad
============================================================
[Logger] Run directory: results/finetune_zenodo/checkpoints/gauss_nopad/swin_tiny (resume=False)
[Builder] Frozen 0/171 parameters (0.0%)
[Builder] Total params: 27,750,140, Trainable: 27,750,140
[SweepFinetune] Loading Figshare weights from results/ablation_nopad/checkpoints/gauss_nopad/swin_tiny/best.pt
[Checkpoint] Loaded from results/ablation_nopad/checkpoints/gauss_nopad/swin_tiny/best.pt (epoch=77, val_auc=0.9997)
[Loss] Class weights: [0.5638766288757324, 4.413793087005615]

============================================================
Training for up to 15 epochs (patience=5, warmup=1)
============================================================

  Epoch   1 | train_loss=0.2826  val_loss=0.4978 | val_acc=0.7625  val_auc=0.9490  val_f1=0.4795  val_mcc=0.4711 | lr=3.00e-05  time=6.5s
[Checkpoint] Saved (epoch=1, val_auc=0.9490) → results/finetune_zenodo/checkpoints/gauss_nopad/swin_tiny/best.pt
[Checkpoint] Saved (epoch=1, val_auc=0.9490) → results/finetune_zenodo/checkpoints/gauss_nopad/swin_tiny/best_e1.pt
  Epoch   2 | train_loss=0.1738  val_loss=0.3339 | val_acc=0.8375  val_auc=0.9422  val_f1=0.5702  val_mcc=0.5584 | lr=3.00e-05  time=6.5s
[Checkpoint] Saved (epoch=2, val_auc=0.9422) → results/finetune_zenodo/checkpoints/gauss_nopad/swin_tiny/best_e2.pt
  Epoch   3 | train_loss=0.1661  val_loss=0.3703 | val_acc=0.8266  val_auc=0.9484  val_f1=0.5578  val_mcc=0.5493 | lr=2.25e-05  time=6.5s
[Checkpoint] Saved (epoch=3, val_auc=0.9484) → results/finetune_zenodo/checkpoints/gauss_nopad/swin_tiny/best_e3.pt
  Epoch   4 | train_loss=0.1451  val_loss=0.3875 | val_acc=0.8328  val_auc=0.9520  val_f1=0.5703  val_mcc=0.5648 | lr=7.50e-06  time=6.5s
[Checkpoint] Saved (epoch=4, val_auc=0.9520) → results/finetune_zenodo/checkpoints/gauss_nopad/swin_tiny/best.pt
[Checkpoint] Saved (epoch=4, val_auc=0.9520) → results/finetune_zenodo/checkpoints/gauss_nopad/swin_tiny/best_e4.pt
  Epoch   5 | train_loss=0.1349  val_loss=0.3975 | val_acc=0.8281  val_auc=0.9519  val_f1=0.5669  val_mcc=0.5648 | lr=3.00e-05  time=6.4s
[Checkpoint] Saved (epoch=5, val_auc=0.9519) → results/finetune_zenodo/checkpoints/gauss_nopad/swin_tiny/best_e5.pt
  Epoch   6 | train_loss=0.1481  val_loss=0.3431 | val_acc=0.8500  val_auc=0.9559  val_f1=0.5897  val_mcc=0.5775 | lr=2.80e-05  time=6.5s
[Checkpoint] Saved (epoch=6, val_auc=0.9559) → results/finetune_zenodo/checkpoints/gauss_nopad/swin_tiny/best.pt
[Checkpoint] Saved (epoch=6, val_auc=0.9559) → results/finetune_zenodo/checkpoints/gauss_nopad/swin_tiny/best_e6.pt
  Epoch   7 | train_loss=0.1333  val_loss=0.3282 | val_acc=0.8422  val_auc=0.9499  val_f1=0.5809  val_mcc=0.5719 | lr=2.25e-05  time=6.5s
[Checkpoint] Saved (epoch=7, val_auc=0.9499) → results/finetune_zenodo/checkpoints/gauss_nopad/swin_tiny/best_e7.pt
  Epoch   8 | train_loss=0.1331  val_loss=0.3399 | val_acc=0.8484  val_auc=0.9572  val_f1=0.5907  val_mcc=0.5815 | lr=1.50e-05  time=6.5s
[Checkpoint] Saved (epoch=8, val_auc=0.9572) → results/finetune_zenodo/checkpoints/gauss_nopad/swin_tiny/best.pt
[Checkpoint] Saved (epoch=8, val_auc=0.9572) → results/finetune_zenodo/checkpoints/gauss_nopad/swin_tiny/best_e8.pt
  Epoch   9 | train_loss=0.1286  val_loss=0.3782 | val_acc=0.8516  val_auc=0.9544  val_f1=0.5923  val_mcc=0.5799 | lr=7.50e-06  time=6.4s
[Checkpoint] Saved (epoch=9, val_auc=0.9544) → results/finetune_zenodo/checkpoints/gauss_nopad/swin_tiny/best_e9.pt
  Epoch  10 | train_loss=0.1535  val_loss=0.3805 | val_acc=0.8531  val_auc=0.9548  val_f1=0.5948  val_mcc=0.5824 | lr=2.01e-06  time=6.5s
[Checkpoint] Saved (epoch=10, val_auc=0.9548) → results/finetune_zenodo/checkpoints/gauss_nopad/swin_tiny/best_e10.pt
  Epoch  11 | train_loss=0.1498  val_loss=0.3548 | val_acc=0.8531  val_auc=0.9395  val_f1=0.5913  val_mcc=0.5760 | lr=3.00e-05  time=6.5s
[Checkpoint] Saved (epoch=11, val_auc=0.9395) → results/finetune_zenodo/checkpoints/gauss_nopad/swin_tiny/best_e11.pt
  Epoch  12 | train_loss=0.1471  val_loss=0.3965 | val_acc=0.8547  val_auc=0.9437  val_f1=0.5974  val_mcc=0.5849 | lr=2.95e-05  time=6.5s
[Checkpoint] Saved (epoch=12, val_auc=0.9437) → results/finetune_zenodo/checkpoints/gauss_nopad/swin_tiny/best_e12.pt
  Epoch  13 | train_loss=0.1338  val_loss=0.3599 | val_acc=0.8703  val_auc=0.9450  val_f1=0.6175  val_mcc=0.5988 | lr=2.80e-05  time=6.5s
[Checkpoint] Saved (epoch=13, val_auc=0.9450) → results/finetune_zenodo/checkpoints/gauss_nopad/swin_tiny/best_e13.pt

[Trainer] Early stopping at epoch 13 (no improvement for 5 epochs)

[Trainer] Training complete in 88s
[Trainer] Best val AUC: 0.9572 at epoch 8
[Trainer] Saved curve artifacts to results/finetune_zenodo/checkpoints/gauss_nopad/swin_tiny
[Logger] Final metrics saved to results/finetune_zenodo/checkpoints/gauss_nopad/swin_tiny/final_metrics.json
[Logger] Training curves saved to results/finetune_zenodo/checkpoints/gauss_nopad/swin_tiny/training_curve.png

[SweepFinetune] Sweep matrix written to results/finetune_zenodo/sweep_matrix.csv

[SweepFinetune] Done. 18 runs in 56.0m
